Component: ARM Compiler 5.06 update 3 (build 300) Tool: armlink [4d35c9]

==============================================================================

Section Cross References

    main.o(i.Init) refers to misc.o(i.NVIC_PriorityGroupConfig) for NVIC_PriorityGroupConfig
    main.o(i.Init) refers to can.o(i.CAN_Config) for CAN_Config
    main.o(i.Init) refers to usart.o(i.USART3_Init) for USART3_Init
    main.o(i.Init) refers to usart.o(i.GYRO_USART2_Init) for GYRO_USART2_Init
    main.o(i.Init) refers to gpio.o(i.MyBeefInit) for MyBeefInit
    main.o(i.Init) refers to gpio.o(i.MySwitchInit) for MySwitchInit
    main.o(i.Init) refers to timer.o(i.TIM_Init) for TIM_Init
    main.o(i.Init) refers to ringbuffer.o(i.BufferZizeInit) for BufferZizeInit
    main.o(i.Init) refers to gpio.o(i.BeefON) for BeefON
    main.o(i.Init) refers to timer.o(i.TIM_Delayms) for TIM_Delayms
    main.o(i.Init) refers to gpio.o(i.BeefOFF) for BeefOFF
    main.o(i.Init) refers to gpio.o(i.ReadSwitch) for ReadSwitch
    main.o(i.Init) refers to action_driver.o(i.ActionSetHeartbeatInterval) for ActionSetHeartbeatInterval
    main.o(i.Init) refers to action_driver.o(i.ActionSetOperationalMode) for ActionSetOperationalMode
    main.o(i.Init) refers to action_driver.o(i.ActionConfigVelocity) for ActionConfigVelocity
    main.o(i.Init) refers to main.o(.data) for mode
    main.o(i.main) refers to main.o(i.Init) for Init
    main.o(i.main) refers to sampling.o(i.ReadFlashPointInformation) for ReadFlashPointInformation
    main.o(i.main) refers to sampling.o(i.PoseSampling) for PoseSampling
    main.o(i.main) refers to gpio.o(i.ReadSwitch) for ReadSwitch
    main.o(i.main) refers to sampling.o(i.PoseSamplingDone) for PoseSamplingDone
    main.o(i.main) refers to gpio.o(i.BeefON) for BeefON
    main.o(i.main) refers to pathfollowing.o(i.PathFollowing) for PathFollowing
    main.o(i.main) refers to ringbuffer.o(i.InputPoints2RingBuffer) for InputPoints2RingBuffer
    main.o(i.main) refers to update.o(i.GetPosy) for GetPosy
    main.o(i.main) refers to possystem.o(i.GetPosPresent) for GetPosPresent
    main.o(i.main) refers to ringbuffer.o(i.ClearRingBuffer) for ClearRingBuffer
    main.o(i.main) refers to debug.o(i.USART_OUT_XYAngle) for USART_OUT_XYAngle
    main.o(i.main) refers to ringbuffer.o(i.GetCount) for GetCount
    main.o(i.main) refers to main.o(.data) for mode
    main.o(i.main) refers to sampling.o(.data) for USARTSEND
    can.o(i.CAN_Config) refers to stm32f4xx_rcc.o(i.RCC_APB1PeriphClockCmd) for RCC_APB1PeriphClockCmd
    can.o(i.CAN_Config) refers to stm32f4xx_rcc.o(i.RCC_AHB1PeriphClockCmd) for RCC_AHB1PeriphClockCmd
    can.o(i.CAN_Config) refers to stm32f4xx_gpio.o(i.GPIO_PinAFConfig) for GPIO_PinAFConfig
    can.o(i.CAN_Config) refers to stm32f4xx_gpio.o(i.GPIO_Init) for GPIO_Init
    can.o(i.CAN_Config) refers to stm32f4xx_can.o(i.CAN_DeInit) for CAN_DeInit
    can.o(i.CAN_Config) refers to stm32f4xx_can.o(i.CAN_Init) for CAN_Init
    can.o(i.CAN_Config) refers to stm32f4xx_can.o(i.CAN_FilterInit) for CAN_FilterInit
    can.o(i.CAN_Config) refers to misc.o(i.NVIC_Init) for NVIC_Init
    can.o(i.CAN_Config) refers to stm32f4xx_can.o(i.CAN_ITConfig) for CAN_ITConfig
    can.o(i.CAN_RxMsg) refers to stm32f4xx_can.o(i.CAN_MessagePending) for CAN_MessagePending
    can.o(i.CAN_RxMsg) refers to stm32f4xx_can.o(i.CAN_Receive) for CAN_Receive
    can.o(i.CAN_TxMsg) refers to stm32f4xx_can.o(i.CAN_Transmit) for CAN_Transmit
    can.o(i.CAN_TxMsg) refers to stm32f4xx_can.o(i.CAN_TransmitStatus) for CAN_TransmitStatus
    gpio.o(i.BeefOFF) refers to stm32f4xx_gpio.o(i.GPIO_SetBits) for GPIO_SetBits
    gpio.o(i.BeefON) refers to stm32f4xx_gpio.o(i.GPIO_ResetBits) for GPIO_ResetBits
    gpio.o(i.GPIO_Init_Pins) refers to stm32f4xx_rcc.o(i.RCC_AHB1PeriphClockCmd) for RCC_AHB1PeriphClockCmd
    gpio.o(i.GPIO_Init_Pins) refers to stm32f4xx_gpio.o(i.GPIO_Init) for GPIO_Init
    gpio.o(i.MyBeefInit) refers to gpio.o(i.GPIO_Init_Pins) for GPIO_Init_Pins
    gpio.o(i.MySwitchInit) refers to gpio.o(i.GPIO_Init_Pins) for GPIO_Init_Pins
    gpio.o(i.ReadSwitch) refers to stm32f4xx_gpio.o(i.GPIO_ReadInputDataBit) for GPIO_ReadInputDataBit
    stm32f4xx_it.o(i.CAN1_RX0_IRQHandler) refers to stm32f4xx_can.o(i.CAN_GetITStatus) for CAN_GetITStatus
    stm32f4xx_it.o(i.CAN1_RX0_IRQHandler) refers to stm32f4xx_can.o(i.CAN_Receive) for CAN_Receive
    stm32f4xx_it.o(i.CAN1_RX0_IRQHandler) refers to action_driver.o(i.ActionCheckError) for ActionCheckError
    stm32f4xx_it.o(i.CAN1_RX0_IRQHandler) refers to action_driver.o(i.ActionUpdateMotorInfo) for ActionUpdateMotorInfo
    stm32f4xx_it.o(i.CAN1_RX0_IRQHandler) refers to stm32f4xx_can.o(i.CAN_ClearITPendingBit) for CAN_ClearITPendingBit
    stm32f4xx_it.o(i.CAN1_RX0_IRQHandler) refers to stm32f4xx_it.o(.data) for motor_ready
    stm32f4xx_it.o(i.TIM2_IRQHandler) refers to stm32f4xx_tim.o(i.TIM_GetITStatus) for TIM_GetITStatus
[...]
    .text                                    0x0800055c   Section       48  cdrcmple.o(.text)
    .text                                    0x0800058c   Section        0  d2f.o(.text)
    .text                                    0x080005c4   Section        0  llshl.o(.text)
    .text                                    0x080005e2   Section        0  llsshr.o(.text)
    .text                                    0x08000606   Section        0  fepilogue.o(.text)
    .text                                    0x08000606   Section        0  iusefp.o(.text)
    .text                                    0x08000674   Section        0  depilogue.o(.text)
    .text                                    0x0800072e   Section        0  dsqrt.o(.text)
    .text                                    0x080007d0   Section       36  init.o(.text)
    .text                                    0x080007f4   Section        0  llushr.o(.text)
    .text                                    0x08000814   Section        0  dflti.o(.text)
    .text                                    0x08000836   Section        0  dfltui.o(.text)
    .text                                    0x08000850   Section        0  dfixi.o(.text)
    .text                                    0x0800088e   Section        0  __dczerorl2.o(.text)
    i.ActionCheckError                       0x080008e4   Section        0  action_driver.o(i.ActionCheckError)
    i.ActionConfigVelocity                   0x08000948   Section        0  action_driver.o(i.ActionConfigVelocity)
    i.ActionSetHeartbeatInterval             0x08000a3c   Section        0  action_driver.o(i.ActionSetHeartbeatInterval)
    i.ActionSetOperationalMode               0x08000afc   Section        0  action_driver.o(i.ActionSetOperationalMode)
    i.ActionSetVelocity                      0x08000bb4   Section        0  action_driver.o(i.ActionSetVelocity)
    i.ActionUpdateMotorInfo                  0x08000c88   Section        0  action_driver.o(i.ActionUpdateMotorInfo)
    i.AddPath                                0x08000da4   Section        0  possystem.o(i.AddPath)
    i.AngleControl                           0x08000db8   Section        0  pathfollowing.o(i.AngleControl)
    i.BeefOFF                                0x08000e04   Section        0  gpio.o(i.BeefOFF)
    i.BeefON                                 0x08000e14   Section        0  gpio.o(i.BeefON)
    i.BspSegment                             0x08000e24   Section        0  bspline.o(i.BspSegment)
    i.BufferZizeInit                         0x08001810   Section        0  ringbuffer.o(i.BufferZizeInit)
    i.BusFault_Handler                       0x08001838   Section        0  stm32f4xx_it.o(i.BusFault_Handler)
    i.CAN1_RX0_IRQHandler                    0x0800183c   Section        0  stm32f4xx_it.o(i.CAN1_RX0_IRQHandler)
    i.CAN_ClearITPendingBit                  0x080018a8   Section        0  stm32f4xx_can.o(i.CAN_ClearITPendingBit)
    i.CAN_Config                             0x08001950   Section        0  can.o(i.CAN_Config)
    i.CAN_DeInit                             0x08001cfc   Section        0  stm32f4xx_can.o(i.CAN_DeInit)
    i.CAN_FilterInit                         0x08001d34   Section        0  stm32f4xx_can.o(i.CAN_FilterInit)
    i.CAN_GetITStatus                        0x08001e3c   Section        0  stm32f4xx_can.o(i.CAN_GetITStatus)
    i.CAN_ITConfig                           0x08001f5c   Section        0  stm32f4xx_can.o(i.CAN_ITConfig)
    i.CAN_Init                               0x08001f6e   Section        0  stm32f4xx_can.o(i.CAN_Init)
    i.CAN_Receive                            0x08002082   Section        0  stm32f4xx_can.o(i.CAN_Receive)
    i.CAN_Transmit                           0x08002172   Section        0  stm32f4xx_can.o(i.CAN_Transmit)
    i.CAN_TransmitStatus                     0x08002298   Section        0  stm32f4xx_can.o(i.CAN_TransmitStatus)
    i.CaculateBsplineLen                     0x08002338   Section        0  bspline.o(i.CaculateBsplineLen)
    i.CaculatePath                           0x08002820   Section        0  possystem.o(i.CaculatePath)
    i.CaculateThreeWheelVel                  0x080028f0   Section        0  move.o(i.CaculateThreeWheelVel)
    i.CalculateAngleAdd                      0x08002c7c   Section        0  calculate.o(i.CalculateAngleAdd)
    i.CalculateAngleSub                      0x08002cd8   Section        0  calculate.o(i.CalculateAngleSub)
    i.CalculateLineAngle                     0x08002d34   Section        0  calculate.o(i.CalculateLineAngle)
    i.CalculatePoint2PointDistance           0x08002d90   Section        0  calculate.o(i.CalculatePoint2PointDistance)
    i.CalculateThreeWheelVell                0x08002e00   Section        0  speedplaning.o(i.CalculateThreeWheelVell)
    i.CheckITStatus                          0x08002f70   Section        0  stm32f4xx_can.o(i.CheckITStatus)
    CheckITStatus                            0x08002f71   Thumb Code    18  stm32f4xx_can.o(i.CheckITStatus)
    i.ClearPathLen                           0x08002f84   Section        0  possystem.o(i.ClearPathLen)
    i.ClearRingBuffer                        0x08002fa0   Section        0  ringbuffer.o(i.ClearRingBuffer)
    i.CreateMemory                           0x08002fd0   Section        0  calculate.o(i.CreateMemory)
    i.DebugMon_Handler                       0x08003024   Section        0  stm32f4xx_it.o(i.DebugMon_Handler)
    i.DecreseVellByOneWheel                  0x08003028   Section        0  speedplaning.o(i.DecreseVellByOneWheel)
    i.DeleteData                             0x08003218   Section        0  ringbuffer.o(i.DeleteData)
    i.DynamicalAjusting                      0x08003228   Section        0  speedplaning.o(i.DynamicalAjusting)
    i.FLASH_DataCacheCmd                     0x08003990   Section        0  stm32f4xx_flash.o(i.FLASH_DataCacheCmd)
    i.FLASH_EraseSector                      0x080039b4   Section        0  stm32f4xx_flash.o(i.FLASH_EraseSector)
    i.FLASH_GetStatus                        0x08003a3c   Section        0  stm32f4xx_flash.o(i.FLASH_GetStatus)
    i.FLASH_Lock                             0x08003a84   Section        0  stm32f4xx_flash.o(i.FLASH_Lock)
    i.FLASH_ProgramWord                      0x08003a98   Section        0  stm32f4xx_flash.o(i.FLASH_ProgramWord)
    i.FLASH_Unlock                           0x08003ae8   Section        0  stm32f4xx_flash.o(i.FLASH_Unlock)
    i.FLASH_WaitForLastOperation             0x08003b0c   Section        0  stm32f4xx_flash.o(i.FLASH_WaitForLastOperation)
    i.FreeMemory                             0x08003b2e   Section        0  calculate.o(i.FreeMemory)
    i.GPIO_Init                              0x08003b4e   Section        0  stm32f4xx_gpio.o(i.GPIO_Init)
    i.GPIO_Init_Pins                         0x08003bde   Section        0  gpio.o(i.GPIO_Init_Pins)
    i.GPIO_PinAFConfig                       0x08003c86   Section        0  stm32f4xx_gpio.o(i.GPIO_PinAFConfig)
    i.GPIO_ReadInputDataBit                  0x08003ccc   Section        0  stm32f4xx_gpio.o(i.GPIO_ReadInputDataBit)
    i.GPIO_ResetBits                         0x08003cde   Section        0  stm32f4xx_gpio.o(i.GPIO_ResetBits)
    i.GPIO_SetBits                           0x08003ce2   Section        0  stm32f4xx_gpio.o(i.GPIO_SetBits)
    i.GYRO_USART2_Init                       0x08003ce8   Section        0  usart.o(i.GYRO_USART2_Init)
    i.Gauss                                  0x08003da8   Section        0  calculate.o(i.Gauss)
    i.GetAccMax                              0x08004004   Section        0  threewheelmove.o(i.GetAccMax)
    i.GetAngleZ                              0x08004010   Section        0  update.o(i.GetAngleZ)
    i.GetCount                               0x0800401c   Section        0  ringbuffer.o(i.GetCount)
    i.GetFristAdress                         0x08004030   Section        0  ringbuffer.o(i.GetFristAdress)
    i.GetLength                              0x0800403c   Section        0  ringbuffer.o(i.GetLength)
    i.GetPath                                0x08004048   Section        0  possystem.o(i.GetPath)
    i.GetPosPresent                          0x0800405c   Section        0  possystem.o(i.GetPosPresent)
    i.GetPosx                                0x08004084   Section        0  update.o(i.GetPosx)
    i.GetPosy                                0x08004090   Section        0  update.o(i.GetPosy)
    i.GetRingBufferAdress                    0x0800409c   Section        0  ringbuffer.o(i.GetRingBufferAdress)
    i.GetRingBufferAverCurvature             0x080040a8   Section        0  ringbuffer.o(i.GetRingBufferAverCurvature)
    i.GetRingBufferPoint                     0x080040dc   Section        0  ringbuffer.o(i.GetRingBufferPoint)
    i.GetRingBufferPointAngle                0x08004114   Section        0  ringbuffer.o(i.GetRingBufferPointAngle)
    i.GetRingBufferPointLen                  0x08004148   Section        0  ringbuffer.o(i.GetRingBufferPointLen)
    i.GetRingBufferPointPoseAngle            0x0800417c   Section        0  ringbuffer.o(i.GetRingBufferPointPoseAngle)
    i.GetRingBufferPointVell                 0x080041b0   Section        0  ringbuffer.o(i.GetRingBufferPointVell)
    i.GetRobotRadius                         0x080041e4   Section        0  threewheelmove.o(i.GetRobotRadius)
    i.GetTrueVell                            0x080041f0   Section        0  move.o(i.GetTrueVell)
    i.GetVelMax                              0x080044bc   Section        0  threewheelmove.o(i.GetVelMax)
    i.HardFault_Handler                      0x080044c8   Section        0  stm32f4xx_it.o(i.HardFault_Handler)
    i.Init                                   0x080044cc   Section        0  main.o(i.Init)
    i.InputPoints2RingBuffer                 0x080045e8   Section        0  ringbuffer.o(i.InputPoints2RingBuffer)
    i.Matrix                                 0x0800478c   Section        0  calculate.o(i.Matrix)
    i.MemManage_Handler                      0x08004932   Section        0  stm32f4xx_it.o(i.MemManage_Handler)
    i.MyBeefInit                             0x08004938   Section        0  gpio.o(i.MyBeefInit)
    i.MySwitchInit                           0x0800494c   Section        0  gpio.o(i.MySwitchInit)
    i.NMI_Handler                            0x08004960   Section        0  stm32f4xx_it.o(i.NMI_Handler)
    i.NVIC_Init                              0x08004964   Section        0  misc.o(i.NVIC_Init)
    i.NVIC_PriorityGroupConfig               0x080049dc   Section        0  misc.o(i.NVIC_PriorityGroupConfig)
    i.PathFollowing                          0x080049f0   Section        0  pathfollowing.o(i.PathFollowing)
    i.PendSV_Handler                         0x08004dac   Section        0  stm32f4xx_it.o(i.PendSV_Handler)
    i.PoseSampling                           0x08004db0   Section        0  sampling.o(i.PoseSampling)
    i.PoseSamplingDone                       0x0800508c   Section        0  sampling.o(i.PoseSamplingDone)
    i.PoseSamplingLastPoint                  0x080050c4   Section        0  sampling.o(i.PoseSamplingLastPoint)
    i.PutRingBuffer                          0x08005174   Section        0  ringbuffer.o(i.PutRingBuffer)
    i.RCC_AHB1PeriphClockCmd                 0x080051dc   Section        0  stm32f4xx_rcc.o(i.RCC_AHB1PeriphClockCmd)
    i.RCC_APB1PeriphClockCmd                 0x080051fc   Section        0  stm32f4xx_rcc.o(i.RCC_APB1PeriphClockCmd)
    i.RCC_APB1PeriphResetCmd                 0x0800521c   Section        0  stm32f4xx_rcc.o(i.RCC_APB1PeriphResetCmd)
    i.RCC_APB2PeriphClockCmd                 0x0800523c   Section        0  stm32f4xx_rcc.o(i.RCC_APB2PeriphClockCmd)
    i.RCC_GetClocksFreq                      0x0800525c   Section        0  stm32f4xx_rcc.o(i.RCC_GetClocksFreq)
    i.ReadFlashPointInformation              0x08005344   Section        0  sampling.o(i.ReadFlashPointInformation)
    i.ReadSwitch                             0x08005390   Section        0  gpio.o(i.ReadSwitch)
    i.STMFLASH_GetFlashSector                0x080053a8   Section        0  flash.o(i.STMFLASH_GetFlashSector)
    i.STMFLASH_Read                          0x08005448   Section        0  flash.o(i.STMFLASH_Read)
    i.STMFLASH_ReadWord                      0x08005468   Section        0  flash.o(i.STMFLASH_ReadWord)
    i.STMFLASH_Write                         0x08005470   Section        0  flash.o(i.STMFLASH_Write)
    i.SVC_Handler                            0x08005508   Section        0  stm32f4xx_it.o(i.SVC_Handler)
    i.SerchBsplineVirtualPoint               0x0800550c   Section        0  bspline.o(i.SerchBsplineVirtualPoint)
    i.SerchVirtualPoint                      0x08005a44   Section        0  bspline.o(i.SerchVirtualPoint)
    i.SerchVirtualPoint2                     0x08005afc   Section        0  bspline.o(i.SerchVirtualPoint2)
    i.SetAngleZ                              0x08005bac   Section        0  update.o(i.SetAngleZ)
    i.SetLength                              0x08005bb8   Section        0  ringbuffer.o(i.SetLength)
    i.SetPosx                                0x08005bc4   Section        0  update.o(i.SetPosx)
    i.SetPosy                                0x08005bd0   Section        0  update.o(i.SetPosy)
    i.SetRingBufferAverCurvature             0x08005bdc   Section        0  ringbuffer.o(i.SetRingBufferAverCurvature)
    i.SetRingBufferPointLen                  0x08005c10   Section        0  ringbuffer.o(i.SetRingBufferPointLen)
    i.SetRingBufferPointVell                 0x08005c44   Section        0  ringbuffer.o(i.SetRingBufferPointVell)
    i.SetSysClock                            0x08005c78   Section        0  system_stm32f4xx.o(i.SetSysClock)
    SetSysClock                              0x08005c79   Thumb Code   220  system_stm32f4xx.o(i.SetSysClock)
    i.SetUpPointer                           0x08005d64   Section        0  ringbuffer.o(i.SetUpPointer)
    i.Set_AbsolutePosition_Value             0x08005d70   Section        0  action_driver.o(i.Set_AbsolutePosition_Value)
    i.Set_Current_Value                      0x08005d7c   Section        0  action_driver.o(i.Set_Current_Value)
    i.Set_RelativePosition_Value             0x08005d88   Section        0  action_driver.o(i.Set_RelativePosition_Value)
    i.Set_Speed_Value                        0x08005d94   Section        0  action_driver.o(i.Set_Speed_Value)
    i.SpeedPlaning                           0x08005dac   Section        0  speedplaning.o(i.SpeedPlaning)
    i.SystemInit                             0x0800672c   Section        0  system_stm32f4xx.o(i.SystemInit)
    i.TIM2_IRQHandler                        0x08006794   Section        0  stm32f4xx_it.o(i.TIM2_IRQHandler)
    i.TIM_ClearITPendingBit                  0x080067bc   Section        0  stm32f4xx_tim.o(i.TIM_ClearITPendingBit)
    i.TIM_Cmd                                0x080067c2   Section        0  stm32f4xx_tim.o(i.TIM_Cmd)
    i.TIM_Delay100us                         0x080067dc   Section        0  timer.o(i.TIM_Delay100us)
    i.TIM_Delayms                            0x080069b0   Section        0  timer.o(i.TIM_Delayms)
    i.TIM_GetCounter                         0x080069cc   Section        0  stm32f4xx_tim.o(i.TIM_GetCounter)
    i.TIM_GetITStatus                        0x080069d2   Section        0  stm32f4xx_tim.o(i.TIM_GetITStatus)
    i.TIM_ITConfig                           0x080069f4   Section        0  stm32f4xx_tim.o(i.TIM_ITConfig)
    i.TIM_Init                               0x08006a08   Section        0  timer.o(i.TIM_Init)
    i.TIM_SetCounter                         0x08006bcc   Section        0  stm32f4xx_tim.o(i.TIM_SetCounter)
    i.TIM_TimeBaseInit                       0x08006bd0   Section        0  stm32f4xx_tim.o(i.TIM_TimeBaseInit)
    i.ThreeWheelVelControl                   0x08006c54   Section        0  move.o(i.ThreeWheelVelControl)
    i.USART1_IRQHandler                      0x08006ff4   Section        0  stm32f4xx_it.o(i.USART1_IRQHandler)
    i.USART3_IRQHandler                      0x08007014   Section        0  stm32f4xx_it.o(i.USART3_IRQHandler)
    i.USART3_Init                            0x080071cc   Section        0  usart.o(i.USART3_Init)
    i.USART_ClearFlag                        0x08007280   Section        0  stm32f4xx_usart.o(i.USART_ClearFlag)
    i.USART_ClearITPendingBit                0x08007292   Section        0  stm32f4xx_usart.o(i.USART_ClearITPendingBit)
    i.USART_Cmd                              0x080072b0   Section        0  stm32f4xx_usart.o(i.USART_Cmd)
    i.USART_GetFlagStatus                    0x080072c8   Section        0  stm32f4xx_usart.o(i.USART_GetFlagStatus)
    i.USART_GetITStatus                      0x080072e2   Section        0  stm32f4xx_usart.o(i.USART_GetITStatus)
    i.USART_ITConfig                         0x08007336   Section        0  stm32f4xx_usart.o(i.USART_ITConfig)
    i.USART_Init                             0x08007380   Section        0  stm32f4xx_usart.o(i.USART_Init)
    i.USART_OUT                              0x08007454   Section        0  usart.o(i.USART_OUT)
    i.USART_OUT_XYAngle                      0x0800755c   Section        0  debug.o(i.USART_OUT_XYAngle)
    i.USART_ReceiveData                      0x080075a4   Section        0  stm32f4xx_usart.o(i.USART_ReceiveData)
    i.USART_SendData                         0x080075ae   Section        0  stm32f4xx_usart.o(i.USART_SendData)
    i.UpdateLenBegin                         0x080075dc   Section        0  possystem.o(i.UpdateLenBegin)
    i.UpdateLenStop                          0x080075e8   Section        0  possystem.o(i.UpdateLenStop)
    i.UsageFault_Handler                     0x080075f4   Section        0  stm32f4xx_it.o(i.UsageFault_Handler)
    i.Vel2Pulse                              0x080075f8   Section        0  threewheelmove.o(i.Vel2Pulse)
    i.VelControlTriWheel                     0x08007630   Section        0  threewheelmove.o(i.VelControlTriWheel)
    i.__ARM_fpclassify                       0x08007690   Section        0  fpclassify.o(i.__ARM_fpclassify)
    i.__ARM_fpclassifyf                      0x080076c0   Section        0  fpclassifyf.o(i.__ARM_fpclassifyf)
    i.__hardfp_atan2f                        0x080076e8   Section        0  atan2f.o(i.__hardfp_atan2f)
    i.__hardfp_cos                           0x08007938   Section        0  cos.o(i.__hardfp_cos)
    i.__hardfp_fabs                          0x08007a00   Section        0  fabs.o(i.__hardfp_fabs)
    i.__hardfp_sin                           0x08007a18   Section        0  sin.o(i.__hardfp_sin)
    i.__hardfp_sqrt                          0x08007ae0   Section        0  sqrt.o(i.__hardfp_sqrt)
    i.__ieee754_rem_pio2                     0x08007b60   Section        0  rred.o(i.__ieee754_rem_pio2)
    i.__kernel_cos                           0x08007f98   Section        0  cos_i.o(i.__kernel_cos)
    i.__kernel_poly                          0x08008108   Section        0  poly.o(i.__kernel_poly)
    i.__kernel_sin                           0x08008200   Section        0  sin_i.o(i.__kernel_sin)
    i.__mathlib_dbl_infnan                   0x08008330   Section        0  dunder.o(i.__mathlib_dbl_infnan)
    i.__mathlib_dbl_invalid                  0x08008348   Section        0  dunder.o(i.__mathlib_dbl_invalid)
    i.__mathlib_dbl_underflow                0x08008368   Section        0  dunder.o(i.__mathlib_dbl_underflow)
    i.__mathlib_flt_infnan2                  0x08008388   Section        0  funder.o(i.__mathlib_flt_infnan2)
    i.__mathlib_flt_underflow                0x08008390   Section        0  funder.o(i.__mathlib_flt_underflow)
    i.__scatterload_copy                     0x080083a0   Section       14  handlers.o(i.__scatterload_copy)
    i.__scatterload_null                     0x080083ae   Section        2  handlers.o(i.__scatterload_null)
    i.__scatterload_zeroinit                 0x080083b0   Section       14  handlers.o(i.__scatterload_zeroinit)
    i.__set_errno                            0x080083c0   Section        0  errno.o(i.__set_errno)
    i.addring                                0x080083cc   Section        0  ringbuffer.o(i.addring)
    addring                                  0x080083cd   Thumb Code    20  ringbuffer.o(i.addring)
    i.fabs                                   0x080083e4   Section        0  fabs.o(i.fabs)
    i.free                                   0x080083fc   Section        0  malloc.o(i.free)
    i.itoa                                   0x0800844c   Section        0  usart.o(i.itoa)
    i.main                                   0x080084b0   Section        0  main.o(i.main)
    i.malloc                                 0x08008600   Section        0  malloc.o(i.malloc)
    .constdata                               0x0800866c   Section      256  action_driver.o(.constdata)
    .constdata                               0x0800876c   Section       32  bspline.o(.constdata)
    .constdata                               0x08008790   Section       48  cos_i.o(.constdata)
    C                                        0x08008790   Data          48  cos_i.o(.constdata)
    .constdata                               0x080087c0   Section      200  rred.o(.constdata)
    pio2s                                    0x080087c0   Data          48  rred.o(.constdata)
    twooverpi                                0x080087f0   Data         152  rred.o(.constdata)
    .constdata                               0x08008888   Section       40  sin_i.o(.constdata)
    S                                        0x08008888   Data          40  sin_i.o(.constdata)
    .data                                    0x20000000   Section      204  main.o(.data)
    mode                                     0x20000000   Data           4  main.o(.data)
    timeCount                                0x200000c8   Data           4  main.o(.data)
    .data                                    0x200000cc   Section       31  stm32f4xx_it.o(.data)
    pos_x                                    0x200000cc   Data           4  stm32f4xx_it.o(.data)
    pos_y                                    0x200000d0   Data           4  stm32f4xx_it.o(.data)
    zangle                                   0x200000d4   Data           4  stm32f4xx_it.o(.data)
    xangle                                   0x200000d8   Data           4  stm32f4xx_it.o(.data)
    yangle                                   0x200000dc   Data           4  stm32f4xx_it.o(.data)
    w_z                                      0x200000e0   Data           4  stm32f4xx_it.o(.data)
    ch                                       0x200000e7   Data           1  stm32f4xx_it.o(.data)
    count                                    0x200000e8   Data           1  stm32f4xx_it.o(.data)
    i                                        0x200000e9   Data           1  stm32f4xx_it.o(.data)
    Heart_Beat                               0x200000ea   Data           1  stm32f4xx_it.o(.data)
    .data                                    0x200000eb   Section       16  stm32f4xx_rcc.o(.data)
    APBAHBPrescTable                         0x200000eb   Data          16  stm32f4xx_rcc.o(.data)
    .data                                    0x200000fc   Section       60  action_driver.o(.data)
    Speed_Value                              0x2000010c   Data           4  action_driver.o(.data)
    AbsolutePosition_Value                   0x20000110   Data           4  action_driver.o(.data)
    RelativePosition_Value                   0x20000114   Data           4  action_driver.o(.data)
    Current_Value                            0x20000118   Data           4  action_driver.o(.data)
    Index                                    0x2000011c   Data           2  action_driver.o(.data)
    Subindex                                 0x2000011e   Data           1  action_driver.o(.data)
    SDO                                      0x2000011f   Data           1  action_driver.o(.data)
    Index                                    0x20000120   Data           2  action_driver.o(.data)
    Subindex                                 0x20000122   Data           1  action_driver.o(.data)
    SDO                                      0x20000123   Data           1  action_driver.o(.data)
    Speed_Value                              0x20000124   Data           4  action_driver.o(.data)
    AbsolutePosition_Value                   0x20000128   Data           4  action_driver.o(.data)
    RelativePosition_Value                   0x2000012c   Data           4  action_driver.o(.data)
    Current_Value                            0x20000130   Data           4  action_driver.o(.data)
    Index                                    0x20000134   Data           2  action_driver.o(.data)
    Subindex                                 0x20000136   Data           1  action_driver.o(.data)
    SDO                                      0x20000137   Data           1  action_driver.o(.data)
    .data                                    0x20000138   Section       20  update.o(.data)
    g_zAngle                                 0x20000138   Data           4  update.o(.data)
    g_PosX                                   0x2000013c   Data           4  update.o(.data)
    g_PosY                                   0x20000140   Data           4  update.o(.data)
    g_VelLft                                 0x20000144   Data           4  update.o(.data)
    g_VelRgt                                 0x20000148   Data           4  update.o(.data)
    .data                                    0x2000014c   Section       12  pathfollowing.o(.data)
    vell                                     0x2000014c   Data           4  pathfollowing.o(.data)
    disRealPos2VirTarget                     0x20000150   Data           4  pathfollowing.o(.data)
    disRealPos2VirPos                        0x20000154   Data           4  pathfollowing.o(.data)
    .data                                    0x20000158   Section       24  ringbuffer.o(.data)
    upPointer                                0x20000158   Data           4  ringbuffer.o(.data)
    g_iput                                   0x2000015c   Data           4  ringbuffer.o(.data)
    downPointer                              0x20000160   Data           4  ringbuffer.o(.data)
    lengthSum                                0x20000164   Data           4  ringbuffer.o(.data)
    countMax                                 0x20000168   Data           4  ringbuffer.o(.data)
    .data                                    0x20000170   Section       16  possystem.o(.data)
    lengthTwoWheel                           0x20000170   Data           4  possystem.o(.data)
    CaculateLenFlag                          0x20000174   Data           1  possystem.o(.data)
    posXOld                                  0x20000178   Data           4  possystem.o(.data)
    posYOld                                  0x2000017c   Data           4  possystem.o(.data)
    .data                                    0x20000180   Section       40  sampling.o(.data)
    FIRST_FLAG                               0x20000181   Data           1  sampling.o(.data)
    point1                                   0x20000184   Data           8  sampling.o(.data)
    point2                                   0x2000018c   Data           8  sampling.o(.data)
    anglee                                   0x20000194   Data           4  sampling.o(.data)
    angleeOld                                0x20000198   Data           4  sampling.o(.data)
    posAngle                                 0x2000019c   Data           4  sampling.o(.data)
    pathOld                                  0x200001a0   Data           4  sampling.o(.data)
    step                                     0x200001a4   Data           4  sampling.o(.data)
    .data                                    0x200001a8   Section        4  mvars.o(.data)
    .data                                    0x200001ac   Section        4  mvars.o(.data)
    .data                                    0x200001b0   Section        4  errno.o(.data)
    _errno                                   0x200001b0   Data           4  errno.o(.data)
    .bss                                     0x200001b4   Section       24  stm32f4xx_it.o(.bss)
    posture                                  0x200001b4   Data          24  stm32f4xx_it.o(.bss)
    .bss                                     0x200001cc   Section       12  action_driver.o(.bss)
    .bss                                     0x200001d8   Section       24  pathfollowing.o(.bss)
    virtualPos                               0x200001d8   Data          12  pathfollowing.o(.bss)
    virtualTarget                            0x200001e4   Data          12  pathfollowing.o(.bss)
    HEAP                                     0x200001f0   Section    24576  startup_stm32f4xx.o(HEAP)
    STACK                                    0x200061f0   Section     4096  startup_stm32f4xx.o(STACK)

    Global Symbols

    Symbol Name                              Value     Ov Type        Size  Object(Section)

    BuildAttributes$$THM_ISAv4$E$P$D$K$B$S$7EM$VFPi3$EXTD16$VFPS$VFMA$PE$A:L22UL41UL21$X:L11$S22US41US21$IEEE1$IW$USESV6$~STKCKD$USESV7$~SHL$OTIME$ROPI$IEEEX$EBA8$MICROLIB$REQ8$PRES8$EABIv2 0x00000000   Number         0  anon$$obj.o ABSOLUTE
    __ARM_use_no_argv                        0x00000000   Number         0  main.o ABSOLUTE
    __cpp_initialize__aeabi_                  - Undefined Weak Reference
    __cxa_finalize                            - Undefined Weak Reference
    _clock_init                               - Undefined Weak Reference
    _microlib_exit                            - Undefined Weak Reference
    __Vectors_Size                           0x00000188   Number         0  startup_stm32f4xx.o ABSOLUTE
    __Vectors                                0x08000000   Data           4  startup_stm32f4xx.o(RESET)
    __Vectors_End                            0x08000188   Data           0  startup_stm32f4xx.o(RESET)
    __main                                   0x08000189   Thumb Code     0  entry.o(.ARM.Collect$$$$00000000)
    _main_stk                                0x08000189   Thumb Code     0  entry2.o(.ARM.Collect$$$$00000001)
    _main_scatterload                        0x0800018d   Thumb Code     0  entry5.o(.ARM.Collect$$$$00000004)
    __main_after_scatterload                 0x08000191   Thumb Code     0  entry5.o(.ARM.Collect$$$$00000004)
    _main_clock                              0x08000191   Thumb Code     0  entry7b.o(.ARM.Collect$$$$00000008)
    _main_cpp_init                           0x08000191   Thumb Code     0  entry8b.o(.ARM.Collect$$$$0000000A)
    _main_init                               0x08000191   Thumb Code     0  entry9a.o(.ARM.Collect$$$$0000000B)
    __rt_final_cpp                           0x08000199   Thumb Code     0  entry10a.o(.ARM.Collect$$$$0000000D)
    __rt_final_exit                          0x08000199   Thumb Code     0  entry11a.o(.ARM.Collect$$$$0000000F)
    Reset_Handler                            0x0800019d   Thumb Code    18  startup_stm32f4xx.o(.text)
    SysTick_Handler                          0x080001bf   Thumb Code     2  startup_stm32f4xx.o(.text)
    ADC_IRQHandler                           0x080001c1   Thumb Code     0  startup_stm32f4xx.o(.text)
    CAN1_RX1_IRQHandler                      0x080001c1   Thumb Code     0  startup_stm32f4xx.o(.text)
    CAN1_SCE_IRQHandler                      0x080001c1   Thumb Code     0  startup_stm32f4xx.o(.text)
    CAN1_TX_IRQHandler                       0x080001c1   Thumb Code     0  startup_stm32f4xx.o(.text)
    CAN2_RX0_IRQHandler                      0x080001c1   Thumb Code     0  startup_stm32f4xx.o(.text)
    CAN2_RX1_IRQHandler                      0x080001c1   Thumb Code     0  startup_stm32f4xx.o(.text)
    CAN2_SCE_IRQHandler                      0x080001c1   Thumb Code     0  startup_stm32f4xx.o(.text)
    CAN2_TX_IRQHandler                       0x080001c1   Thumb Code     0  startup_stm32f4xx.o(.text)
    CRYP_IRQHandler                          0x080001c1   Thumb Code     0  startup_stm32f4xx.o(.text)
    DCMI_IRQHandler                          0x080001c1   Thumb Code     0  startup_stm32f4xx.o(.text)
    DMA1_Stream0_IRQHandler                  0x080001c1   Thumb Code     0  startup_stm32f4xx.o(.text)
    DMA1_Stream1_IRQHandler                  0x080001c1   Thumb Code     0  startup_stm32f4xx.o(.text)
    DMA1_Stream2_IRQHandler                  0x080001c1   Thumb Code     0  startup_stm32f4xx.o(.text)
    DMA1_Stream3_IRQHandler                  0x080001c1   Thumb Code     0  startup_stm32f4xx.o(.text)
    DMA1_Stream4_IRQHandler                  0x080001c1   Thumb Code     0  startup_stm32f4xx.o(.text)
    DMA1_Stream5_IRQHandler                  0x080001c1   Thumb Code     0  startup_stm32f4xx.o(.text)
    DMA1_Stream6_IRQHandler                  0x080001c1   Thumb Code     0  startup_stm32f4xx.o(.text)
    DMA1_Stream7_IRQHandler                  0x080001c1   Thumb Code     0  startup_stm32f4xx.o(.text)
    DMA2_Stream0_IRQHandler                  0x080001c1   Thumb Code     0  startup_stm32f4xx.o(.text)
    DMA2_Stream1_IRQHandler                  0x080001c1   Thumb Code     0  startup_stm32f4xx.o(.text)
    DMA2_Stream2_IRQHandler                  0x080001c1   Thumb Code     0  startup_stm32f4xx.o(.text)
    DMA2_Stream3_IRQHandler                  0x080001c1   Thumb Code     0  startup_stm32f4xx.o(.text)
    DMA2_Stream4_IRQHandler                  0x080001c1   Thumb Code     0  startup_stm32f4xx.o(.text)
    DMA2_Stream5_IRQHandler                  0x080001c1   Thumb Code     0  startup_stm32f4xx.o(.text)
    DMA2_Stream6_IRQHandler                  0x080001c1   Thumb Code     0  startup_stm32f4xx.o(.text)
    DMA2_Stream7_IRQHandler                  0x080001c1   Thumb Code     0  startup_stm32f4xx.o(.text)
    ETH_IRQHandler                           0x080001c1   Thumb Code     0  startup_stm32f4xx.o(.text)
    ETH_WKUP_IRQHandler                      0x080001c1   Thumb Code     0  startup_stm32f4xx.o(.text)
    EXTI0_IRQHandler                         0x080001c1   Thumb Code     0  startup_stm32f4xx.o(.text)
    EXTI15_10_IRQHandler                     0x080001c1   Thumb Code     0  startup_stm32f4xx.o(.text)
    EXTI1_IRQHandler                         0x080001c1   Thumb Code     0  startup_stm32f4xx.o(.text)
    EXTI2_IRQHandler                         0x080001c1   Thumb Code     0  startup_stm32f4xx.o(.text)
    EXTI3_IRQHandler                         0x080001c1   Thumb Code     0  startup_stm32f4xx.o(.text)
    EXTI4_IRQHandler                         0x080001c1   Thumb Code     0  startup_stm32f4xx.o(.text)
    EXTI9_5_IRQHandler                       0x080001c1   Thumb Code     0  startup_stm32f4xx.o(.text)
    FLASH_IRQHandler                         0x080001c1   Thumb Code     0  startup_stm32f4xx.o(.text)
    FPU_IRQHandler                           0x080001c1   Thumb Code     0  startup_stm32f4xx.o(.text)
    FSMC_IRQHandler                          0x080001c1   Thumb Code     0  startup_stm32f4xx.o(.text)
    HASH_RNG_IRQHandler                      0x080001c1   Thumb Code     0  startup_stm32f4xx.o(.text)
    I2C1_ER_IRQHandler                       0x080001c1   Thumb Code     0  startup_stm32f4xx.o(.text)
    I2C1_EV_IRQHandler                       0x080001c1   Thumb Code     0  startup_stm32f4xx.o(.text)
    I2C2_ER_IRQHandler                       0x080001c1   Thumb Code     0  startup_stm32f4xx.o(.text)
    I2C2_EV_IRQHandler                       0x080001c1   Thumb Code     0  startup_stm32f4xx.o(.text)
    I2C3_ER_IRQHandler                       0x080001c1   Thumb Code     0  startup_stm32f4xx.o(.text)
    I2C3_EV_IRQHandler                       0x080001c1   Thumb Code     0  startup_stm32f4xx.o(.text)
    OTG_FS_IRQHandler                        0x080001c1   Thumb Code     0  startup_stm32f4xx.o(.text)
    OTG_FS_WKUP_IRQHandler                   0x080001c1   Thumb Code     0  startup_stm32f4xx.o(.text)
    OTG_HS_EP1_IN_IRQHandler                 0x080001c1   Thumb Code     0  startup_stm32f4xx.o(.text)
    OTG_HS_EP1_OUT_IRQHandler                0x080001c1   Thumb Code     0  startup_stm32f4xx.o(.text)
    OTG_HS_IRQHandler                        0x080001c1   Thumb Code     0  startup_stm32f4xx.o(.text)
    OTG_HS_WKUP_IRQHandler                   0x080001c1   Thumb Code     0  startup_stm32f4xx.o(.text)
    PVD_IRQHandler                           0x080001c1   Thumb Code     0  startup_stm32f4xx.o(.text)
    RCC_IRQHandler                           0x080001c1   Thumb Code     0  startup_stm32f4xx.o(.text)
    RTC_Alarm_IRQHandler                     0x080001c1   Thumb Code     0  startup_stm32f4xx.o(.text)
    RTC_WKUP_IRQHandler                      0x080001c1   Thumb Code     0  startup_stm32f4xx.o(.text)
    SDIO_IRQHandler                          0x080001c1   Thumb Code     0  startup_stm32f4xx.o(.text)
    SPI1_IRQHandler                          0x080001c1   Thumb Code     0  startup_stm32f4xx.o(.text)
    SPI2_IRQHandler                          0x080001c1   Thumb Code     0  startup_stm32f4xx.o(.text)
    SPI3_IRQHandler                          0x080001c1   Thumb Code     0  startup_stm32f4xx.o(.text)
    TAMP_STAMP_IRQHandler                    0x080001c1   Thumb Code     0  startup_stm32f4xx.o(.text)
    TIM1_BRK_TIM9_IRQHandler                 0x080001c1   Thumb Code     0  startup_stm32f4xx.o(.text)
    TIM1_CC_IRQHandler                       0x080001c1   Thumb Code     0  startup_stm32f4xx.o(.text)
    TIM1_TRG_COM_TIM11_IRQHandler            0x080001c1   Thumb Code     0  startup_stm32f4xx.o(.text)
    TIM1_UP_TIM10_IRQHandler                 0x080001c1   Thumb Code     0  startup_stm32f4xx.o(.text)
    TIM3_IRQHandler                          0x080001c1   Thumb Code     0  startup_stm32f4xx.o(.text)
    TIM4_IRQHandler                          0x080001c1   Thumb Code     0  startup_stm32f4xx.o(.text)
    TIM5_IRQHandler                          0x080001c1   Thumb Code     0  startup_stm32f4xx.o(.text)
    TIM6_DAC_IRQHandler                      0x080001c1   Thumb Code     0  startup_stm32f4xx.o(.text)
    TIM7_IRQHandler                          0x080001c1   Thumb Code     0  startup_stm32f4xx.o(.text)
    TIM8_BRK_TIM12_IRQHandler                0x080001c1   Thumb Code     0  startup_stm32f4xx.o(.text)
    TIM8_CC_IRQHandler                       0x080001c1   Thumb Code     0  startup_stm32f4xx.o(.text)
    TIM8_TRG_COM_TIM14_IRQHandler            0x080001c1   Thumb Code     0  startup_stm32f4xx.o(.text)
    TIM8_UP_TIM13_IRQHandler                 0x080001c1   Thumb Code     0  startup_stm32f4xx.o(.text)
    UART4_IRQHandler                         0x080001c1   Thumb Code     0  startup_stm32f4xx.o(.text)
    UART5_IRQHandler                         0x080001c1   Thumb Code     0  startup_stm32f4xx.o(.text)
    USART2_IRQHandler                        0x080001c1   Thumb Code     0  startup_stm32f4xx.o(.text)
    USART6_IRQHandler                        0x080001c1   Thumb Code     0  startup_stm32f4xx.o(.text)
    WWDG_IRQHandler                          0x080001c1   Thumb Code     0  startup_stm32f4xx.o(.text)
    __aeabi_memcpy                           0x080001d1   Thumb Code    36  memcpya.o(.text)
    __aeabi_memcpy4                          0x080001d1   Thumb Code     0  memcpya.o(.text)
    __aeabi_memcpy8                          0x080001d1   Thumb Code     0  memcpya.o(.text)
    __aeabi_dadd                             0x080001f5   Thumb Code   322  dadd.o(.text)
    __aeabi_dsub                             0x08000337   Thumb Code     6  dadd.o(.text)
    __aeabi_drsub                            0x0800033d   Thumb Code     6  dadd.o(.text)
    __aeabi_dmul                             0x08000343   Thumb Code   228  dmul.o(.text)
    __aeabi_ddiv                             0x08000427   Thumb Code   222  ddiv.o(.text)
    __aeabi_f2d                              0x08000505   Thumb Code    38  f2d.o(.text)
    __aeabi_cdcmpeq                          0x0800052d   Thumb Code     0  cdcmple.o(.text)
    __aeabi_cdcmple                          0x0800052d   Thumb Code    48  cdcmple.o(.text)
    __aeabi_cdrcmple                         0x0800055d   Thumb Code    48  cdrcmple.o(.text)
    __aeabi_d2f                              0x0800058d   Thumb Code    56  d2f.o(.text)
    __aeabi_llsl                             0x080005c5   Thumb Code    30  llshl.o(.text)
    _ll_shift_l                              0x080005c5   Thumb Code     0  llshl.o(.text)
    __aeabi_lasr                             0x080005e3   Thumb Code    36  llsshr.o(.text)
    _ll_sshift_r                             0x080005e3   Thumb Code     0  llsshr.o(.text)
    __I$use$fp                               0x08000607   Thumb Code     0  iusefp.o(.text)
    _float_round                             0x08000607   Thumb Code    18  fepilogue.o(.text)
    _float_epilogue                          0x08000619   Thumb Code    92  fepilogue.o(.text)
    _double_round                            0x08000675   Thumb Code    30  depilogue.o(.text)
    _double_epilogue                         0x08000693   Thumb Code   156  depilogue.o(.text)
    _dsqrt                                   0x0800072f   Thumb Code   162  dsqrt.o(.text)
    __scatterload                            0x080007d1   Thumb Code    28  init.o(.text)
    __scatterload_rt2                        0x080007d1   Thumb Code     0  init.o(.text)
    __aeabi_llsr                             0x080007f5   Thumb Code    32  llushr.o(.text)
    _ll_ushift_r                             0x080007f5   Thumb Code     0  llushr.o(.text)
    __aeabi_i2d                              0x08000815   Thumb Code    34  dflti.o(.text)
    __aeabi_ui2d                             0x08000837   Thumb Code    26  dfltui.o(.text)
    __aeabi_d2iz                             0x08000851   Thumb Code    62  dfixi.o(.text)
    __decompress                             0x0800088f   Thumb Code     0  __dczerorl2.o(.text)
    __decompress1                            0x0800088f   Thumb Code    86  __dczerorl2.o(.text)
    ActionCheckError                         0x080008e5   Thumb Code    82  action_driver.o(i.ActionCheckError)
    ActionConfigVelocity                     0x08000949   Thumb Code   236  action_driver.o(i.ActionConfigVelocity)
    ActionSetHeartbeatInterval               0x08000a3d   Thumb Code   182  action_driver.o(i.ActionSetHeartbeatInterval)
    ActionSetOperationalMode                 0x08000afd   Thumb Code   174  action_driver.o(i.ActionSetOperationalMode)
    ActionSetVelocity                        0x08000bb5   Thumb Code   204  action_driver.o(i.ActionSetVelocity)
    ActionUpdateMotorInfo                    0x08000c89   Thumb Code   254  action_driver.o(i.ActionUpdateMotorInfo)
    AddPath                                  0x08000da5   Thumb Code    16  possystem.o(i.AddPath)
    AngleControl                             0x08000db9   Thumb Code    68  pathfollowing.o(i.AngleControl)
    BeefOFF                                  0x08000e05   Thumb Code    12  gpio.o(i.BeefOFF)
    BeefON                                   0x08000e15   Thumb Code    12  gpio.o(i.BeefON)
    BspSegment                               0x08000e25   Thumb Code  2534  bspline.o(i.BspSegment)
    BufferZizeInit                           0x08001811   Thumb Code    30  ringbuffer.o(i.BufferZizeInit)
    BusFault_Handler                         0x08001839   Thumb Code     4  stm32f4xx_it.o(i.BusFault_Handler)
    CAN1_RX0_IRQHandler                      0x0800183d   Thumb Code    90  stm32f4xx_it.o(i.CAN1_RX0_IRQHandler)
    CAN_ClearITPendingBit                    0x080018a9   Thumb Code   162  stm32f4xx_can.o(i.CAN_ClearITPendingBit)
    CAN_Config                               0x08001951   Thumb Code   936  can.o(i.CAN_Config)
    CAN_DeInit                               0x08001cfd   Thumb Code    50  stm32f4xx_can.o(i.CAN_DeInit)
    CAN_FilterInit                           0x08001d35   Thumb Code   258  stm32f4xx_can.o(i.CAN_FilterInit)
    CAN_GetITStatus                          0x08001e3d   Thumb Code   284  stm32f4xx_can.o(i.CAN_GetITStatus)
    CAN_ITConfig                             0x08001f5d   Thumb Code    18  stm32f4xx_can.o(i.CAN_ITConfig)
    CAN_Init                                 0x08001f6f   Thumb Code   276  stm32f4xx_can.o(i.CAN_Init)
    CAN_Receive                              0x08002083   Thumb Code   240  stm32f4xx_can.o(i.CAN_Receive)
    CAN_Transmit                             0x08002173   Thumb Code   294  stm32f4xx_can.o(i.CAN_Transmit)
    CAN_TransmitStatus                       0x08002299   Thumb Code   138  stm32f4xx_can.o(i.CAN_TransmitStatus)
    CaculateBsplineLen                       0x08002339   Thumb Code  1254  bspline.o(i.CaculateBsplineLen)
    CaculatePath                             0x08002821   Thumb Code   186  possystem.o(i.CaculatePath)
    CaculateThreeWheelVel                    0x080028f1   Thumb Code   892  move.o(i.CaculateThreeWheelVel)
    CalculateAngleAdd                        0x08002c7d   Thumb Code    74  calculate.o(i.CalculateAngleAdd)
    CalculateAngleSub                        0x08002cd9   Thumb Code    74  calculate.o(i.CalculateAngleSub)
    CalculateLineAngle                       0x08002d35   Thumb Code    84  calculate.o(i.CalculateLineAngle)
    CalculatePoint2PointDistance             0x08002d91   Thumb Code   110  calculate.o(i.CalculatePoint2PointDistance)
    CalculateThreeWheelVell                  0x08002e01   Thumb Code   352  speedplaning.o(i.CalculateThreeWheelVell)
    ClearPathLen                             0x08002f85   Thumb Code    18  possystem.o(i.ClearPathLen)
    ClearRingBuffer                          0x08002fa1   Thumb Code    26  ringbuffer.o(i.ClearRingBuffer)
    CreateMemory                             0x08002fd1   Thumb Code    78  calculate.o(i.CreateMemory)
    DebugMon_Handler                         0x08003025   Thumb Code     2  stm32f4xx_it.o(i.DebugMon_Handler)
    DecreseVellByOneWheel                    0x08003029   Thumb Code   490  speedplaning.o(i.DecreseVellByOneWheel)
    DeleteData                               0x08003219   Thumb Code    12  ringbuffer.o(i.DeleteData)
    DynamicalAjusting                        0x08003229   Thumb Code  1896  speedplaning.o(i.DynamicalAjusting)
    FLASH_DataCacheCmd                       0x08003991   Thumb Code    30  stm32f4xx_flash.o(i.FLASH_DataCacheCmd)
    FLASH_EraseSector                        0x080039b5   Thumb Code   130  stm32f4xx_flash.o(i.FLASH_EraseSector)
    FLASH_GetStatus                          0x08003a3d   Thumb Code    66  stm32f4xx_flash.o(i.FLASH_GetStatus)
    FLASH_Lock                               0x08003a85   Thumb Code    14  stm32f4xx_flash.o(i.FLASH_Lock)
    FLASH_ProgramWord                        0x08003a99   Thumb Code    74  stm32f4xx_flash.o(i.FLASH_ProgramWord)
    FLASH_Unlock                             0x08003ae9   Thumb Code    24  stm32f4xx_flash.o(i.FLASH_Unlock)
    FLASH_WaitForLastOperation               0x08003b0d   Thumb Code    34  stm32f4xx_flash.o(i.FLASH_WaitForLastOperation)
    FreeMemory                               0x08003b2f   Thumb Code    32  calculate.o(i.FreeMemory)
    GPIO_Init                                0x08003b4f   Thumb Code   144  stm32f4xx_gpio.o(i.GPIO_Init)
    GPIO_Init_Pins                           0x08003bdf   Thumb Code   168  gpio.o(i.GPIO_Init_Pins)
    GPIO_PinAFConfig                         0x08003c87   Thumb Code    70  stm32f4xx_gpio.o(i.GPIO_PinAFConfig)
    GPIO_ReadInputDataBit                    0x08003ccd   Thumb Code    18  stm32f4xx_gpio.o(i.GPIO_ReadInputDataBit)
    GPIO_ResetBits                           0x08003cdf   Thumb Code     4  stm32f4xx_gpio.o(i.GPIO_ResetBits)
    GPIO_SetBits                             0x08003ce3   Thumb Code     4  stm32f4xx_gpio.o(i.GPIO_SetBits)
    GYRO_USART2_Init                         0x08003ce9   Thumb Code   182  usart.o(i.GYRO_USART2_Init)
    Gauss                                    0x08003da9   Thumb Code   600  calculate.o(i.Gauss)
    GetAccMax                                0x08004005   Thumb Code     6  threewheelmove.o(i.GetAccMax)
    GetAngleZ                                0x08004011   Thumb Code     8  update.o(i.GetAngleZ)
    GetCount                                 0x0800401d   Thumb Code    12  ringbuffer.o(i.GetCount)
    GetFristAdress                           0x08004031   Thumb Code     6  ringbuffer.o(i.GetFristAdress)
    GetLength                                0x0800403d   Thumb Code     8  ringbuffer.o(i.GetLength)
    GetPath                                  0x08004049   Thumb Code    16  possystem.o(i.GetPath)
    GetPosPresent                            0x0800405d   Thumb Code    40  possystem.o(i.GetPosPresent)
    GetPosx                                  0x08004085   Thumb Code     8  update.o(i.GetPosx)
    GetPosy                                  0x08004091   Thumb Code     8  update.o(i.GetPosy)
    GetRingBufferAdress                      0x0800409d   Thumb Code     6  ringbuffer.o(i.GetRingBufferAdress)
    GetRingBufferAverCurvature               0x080040a9   Thumb Code    38  ringbuffer.o(i.GetRingBufferAverCurvature)
    GetRingBufferPoint                       0x080040dd   Thumb Code    42  ringbuffer.o(i.GetRingBufferPoint)
    GetRingBufferPointAngle                  0x08004115   Thumb Code    38  ringbuffer.o(i.GetRingBufferPointAngle)
    GetRingBufferPointLen                    0x08004149   Thumb Code    38  ringbuffer.o(i.GetRingBufferPointLen)
    GetRingBufferPointPoseAngle              0x0800417d   Thumb Code    38  ringbuffer.o(i.GetRingBufferPointPoseAngle)
    GetRingBufferPointVell                   0x080041b1   Thumb Code    38  ringbuffer.o(i.GetRingBufferPointVell)
    GetRobotRadius                           0x080041e5   Thumb Code     6  threewheelmove.o(i.GetRobotRadius)
    GetTrueVell                              0x080041f1   Thumb Code   702  move.o(i.GetTrueVell)
    GetVelMax                                0x080044bd   Thumb Code     6  threewheelmove.o(i.GetVelMax)
    HardFault_Handler                        0x080044c9   Thumb Code     4  stm32f4xx_it.o(i.HardFault_Handler)
    Init                                     0x080044cd   Thumb Code   260  main.o(i.Init)
    InputPoints2RingBuffer                   0x080045e9   Thumb Code   400  ringbuffer.o(i.InputPoints2RingBuffer)
    Matrix                                   0x0800478d   Thumb Code   422  calculate.o(i.Matrix)
    MemManage_Handler                        0x08004933   Thumb Code     4  stm32f4xx_it.o(i.MemManage_Handler)
    MyBeefInit                               0x08004939   Thumb Code    14  gpio.o(i.MyBeefInit)
    MySwitchInit                             0x0800494d   Thumb Code    14  gpio.o(i.MySwitchInit)
    NMI_Handler                              0x08004961   Thumb Code     2  stm32f4xx_it.o(i.NMI_Handler)
    NVIC_Init                                0x08004965   Thumb Code   106  misc.o(i.NVIC_Init)
    NVIC_PriorityGroupConfig                 0x080049dd   Thumb Code    10  misc.o(i.NVIC_PriorityGroupConfig)
    PathFollowing                            0x080049f1   Thumb Code   894  pathfollowing.o(i.PathFollowing)
    PendSV_Handler                           0x08004dad   Thumb Code     2  stm32f4xx_it.o(i.PendSV_Handler)
    PoseSampling                             0x08004db1   Thumb Code   676  sampling.o(i.PoseSampling)
    PoseSamplingDone                         0x0800508d   Thumb Code    52  sampling.o(i.PoseSamplingDone)
    PoseSamplingLastPoint                    0x080050c5   Thumb Code   166  sampling.o(i.PoseSamplingLastPoint)
    PutRingBuffer                            0x08005175   Thumb Code    82  ringbuffer.o(i.PutRingBuffer)
    RCC_AHB1PeriphClockCmd                   0x080051dd   Thumb Code    26  stm32f4xx_rcc.o(i.RCC_AHB1PeriphClockCmd)
    RCC_APB1PeriphClockCmd                   0x080051fd   Thumb Code    26  stm32f4xx_rcc.o(i.RCC_APB1PeriphClockCmd)
    RCC_APB1PeriphResetCmd                   0x0800521d   Thumb Code    26  stm32f4xx_rcc.o(i.RCC_APB1PeriphResetCmd)
    RCC_APB2PeriphClockCmd                   0x0800523d   Thumb Code    26  stm32f4xx_rcc.o(i.RCC_APB2PeriphClockCmd)
    RCC_GetClocksFreq                        0x0800525d   Thumb Code   214  stm32f4xx_rcc.o(i.RCC_GetClocksFreq)
    ReadFlashPointInformation                0x08005345   Thumb Code    70  sampling.o(i.ReadFlashPointInformation)
    ReadSwitch                               0x08005391   Thumb Code    20  gpio.o(i.ReadSwitch)
    STMFLASH_GetFlashSector                  0x080053a9   Thumb Code   116  flash.o(i.STMFLASH_GetFlashSector)
    STMFLASH_Read                            0x08005449   Thumb Code    32  flash.o(i.STMFLASH_Read)
    STMFLASH_ReadWord                        0x08005469   Thumb Code     6  flash.o(i.STMFLASH_ReadWord)
    STMFLASH_Write                           0x08005471   Thumb Code   146  flash.o(i.STMFLASH_Write)
    SVC_Handler                              0x08005509   Thumb Code     2  stm32f4xx_it.o(i.SVC_Handler)
    SerchBsplineVirtualPoint                 0x0800550d   Thumb Code  1330  bspline.o(i.SerchBsplineVirtualPoint)
    SerchVirtualPoint                        0x08005a45   Thumb Code   184  bspline.o(i.SerchVirtualPoint)
    SerchVirtualPoint2                       0x08005afd   Thumb Code   174  bspline.o(i.SerchVirtualPoint2)
    SetAngleZ                                0x08005bad   Thumb Code     8  update.o(i.SetAngleZ)
    SetLength                                0x08005bb9   Thumb Code     8  ringbuffer.o(i.SetLength)
    SetPosx                                  0x08005bc5   Thumb Code     8  update.o(i.SetPosx)
    SetPosy                                  0x08005bd1   Thumb Code     8  update.o(i.SetPosy)
    SetRingBufferAverCurvature               0x08005bdd   Thumb Code    38  ringbuffer.o(i.SetRingBufferAverCurvature)
    SetRingBufferPointLen                    0x08005c11   Thumb Code    38  ringbuffer.o(i.SetRingBufferPointLen)
    SetRingBufferPointVell                   0x08005c45   Thumb Code    38  ringbuffer.o(i.SetRingBufferPointVell)
    SetUpPointer                             0x08005d65   Thumb Code     6  ringbuffer.o(i.SetUpPointer)
    Set_AbsolutePosition_Value               0x08005d71   Thumb Code     6  action_driver.o(i.Set_AbsolutePosition_Value)
    Set_Current_Value                        0x08005d7d   Thumb Code     6  action_driver.o(i.Set_Current_Value)
    Set_RelativePosition_Value               0x08005d89   Thumb Code     6  action_driver.o(i.Set_RelativePosition_Value)
    Set_Speed_Value                          0x08005d95   Thumb Code    18  action_driver.o(i.Set_Speed_Value)
    SpeedPlaning                             0x08005dad   Thumb Code  2422  speedplaning.o(i.SpeedPlaning)
    SystemInit                               0x0800672d   Thumb Code    88  system_stm32f4xx.o(i.SystemInit)
    TIM2_IRQHandler                          0x08006795   Thumb Code    34  stm32f4xx_it.o(i.TIM2_IRQHandler)
    TIM_ClearITPendingBit                    0x080067bd   Thumb Code     6  stm32f4xx_tim.o(i.TIM_ClearITPendingBit)
    TIM_Cmd                                  0x080067c3   Thumb Code    24  stm32f4xx_tim.o(i.TIM_Cmd)
    TIM_Delay100us                           0x080067dd   Thumb Code   454  timer.o(i.TIM_Delay100us)
    TIM_Delayms                              0x080069b1   Thumb Code    28  timer.o(i.TIM_Delayms)
    TIM_GetCounter                           0x080069cd   Thumb Code     6  stm32f4xx_tim.o(i.TIM_GetCounter)
    TIM_GetITStatus                          0x080069d3   Thumb Code    34  stm32f4xx_tim.o(i.TIM_GetITStatus)
    TIM_ITConfig                             0x080069f5   Thumb Code    18  stm32f4xx_tim.o(i.TIM_ITConfig)
    TIM_Init                                 0x08006a09   Thumb Code   440  timer.o(i.TIM_Init)
    TIM_SetCounter                           0x08006bcd   Thumb Code     4  stm32f4xx_tim.o(i.TIM_SetCounter)
    TIM_TimeBaseInit                         0x08006bd1   Thumb Code   104  stm32f4xx_tim.o(i.TIM_TimeBaseInit)
    ThreeWheelVelControl                     0x08006c55   Thumb Code   912  move.o(i.ThreeWheelVelControl)
    USART1_IRQHandler                        0x08006ff5   Thumb Code    28  stm32f4xx_it.o(i.USART1_IRQHandler)
    USART3_IRQHandler                        0x08007015   Thumb Code   390  stm32f4xx_it.o(i.USART3_IRQHandler)
    USART3_Init                              0x080071cd   Thumb Code   172  usart.o(i.USART3_Init)
    USART_ClearFlag                          0x08007281   Thumb Code    18  stm32f4xx_usart.o(i.USART_ClearFlag)
    USART_ClearITPendingBit                  0x08007293   Thumb Code    30  stm32f4xx_usart.o(i.USART_ClearITPendingBit)
    USART_Cmd                                0x080072b1   Thumb Code    24  stm32f4xx_usart.o(i.USART_Cmd)
    USART_GetFlagStatus                      0x080072c9   Thumb Code    26  stm32f4xx_usart.o(i.USART_GetFlagStatus)
    USART_GetITStatus                        0x080072e3   Thumb Code    84  stm32f4xx_usart.o(i.USART_GetITStatus)
    USART_ITConfig                           0x08007337   Thumb Code    74  stm32f4xx_usart.o(i.USART_ITConfig)
    USART_Init                               0x08007381   Thumb Code   204  stm32f4xx_usart.o(i.USART_Init)
    USART_OUT                                0x08007455   Thumb Code   262  usart.o(i.USART_OUT)
    USART_OUT_XYAngle                        0x0800755d   Thumb Code    60  debug.o(i.USART_OUT_XYAngle)
    USART_ReceiveData                        0x080075a5   Thumb Code    10  stm32f4xx_usart.o(i.USART_ReceiveData)
    USART_SendData                           0x080075af   Thumb Code    44  stm32f4xx_usart.o(i.USART_SendData)
    UpdateLenBegin                           0x080075dd   Thumb Code     8  possystem.o(i.UpdateLenBegin)
    UpdateLenStop                            0x080075e9   Thumb Code     8  possystem.o(i.UpdateLenStop)
    UsageFault_Handler                       0x080075f5   Thumb Code     4  stm32f4xx_it.o(i.UsageFault_Handler)
    Vel2Pulse                                0x080075f9   Thumb Code    42  threewheelmove.o(i.Vel2Pulse)
    VelControlTriWheel                       0x08007631   Thumb Code    96  threewheelmove.o(i.VelControlTriWheel)
    __ARM_fpclassify                         0x08007691   Thumb Code    48  fpclassify.o(i.__ARM_fpclassify)
    __ARM_fpclassifyf                        0x080076c1   Thumb Code    38  fpclassifyf.o(i.__ARM_fpclassifyf)
    __hardfp_atan2f                          0x080076e9   Thumb Code   502  atan2f.o(i.__hardfp_atan2f)
    __hardfp_cos                             0x08007939   Thumb Code   180  cos.o(i.__hardfp_cos)
    __hardfp_fabs                            0x08007a01   Thumb Code    20  fabs.o(i.__hardfp_fabs)
    __hardfp_sin                             0x08007a19   Thumb Code   180  sin.o(i.__hardfp_sin)
    __hardfp_sqrt                            0x08007ae1   Thumb Code   122  sqrt.o(i.__hardfp_sqrt)
    __ieee754_rem_pio2                       0x08007b61   Thumb Code   938  rred.o(i.__ieee754_rem_pio2)
    __kernel_cos                             0x08007f99   Thumb Code   322  cos_i.o(i.__kernel_cos)
    __kernel_poly                            0x08008109   Thumb Code   248  poly.o(i.__kernel_poly)
    __kernel_sin                             0x08008201   Thumb Code   280  sin_i.o(i.__kernel_sin)
    __mathlib_dbl_infnan                     0x08008331   Thumb Code    20  dunder.o(i.__mathlib_dbl_infnan)
    __mathlib_dbl_invalid                    0x08008349   Thumb Code    24  dunder.o(i.__mathlib_dbl_invalid)
    __mathlib_dbl_underflow                  0x08008369   Thumb Code    24  dunder.o(i.__mathlib_dbl_underflow)
    __mathlib_flt_infnan2                    0x08008389   Thumb Code     6  funder.o(i.__mathlib_flt_infnan2)
    __mathlib_flt_underflow                  0x08008391   Thumb Code    10  funder.o(i.__mathlib_flt_underflow)
    __scatterload_copy                       0x080083a1   Thumb Code    14  handlers.o(i.__scatterload_copy)
    __scatterload_null                       0x080083af   Thumb Code     2  handlers.o(i.__scatterload_null)
    __scatterload_zeroinit                   0x080083b1   Thumb Code    14  handlers.o(i.__scatterload_zeroinit)
    __set_errno                              0x080083c1   Thumb Code     6  errno.o(i.__set_errno)
    fabs                                     0x080083e5   Thumb Code    24  fabs.o(i.fabs)
    free                                     0x080083fd   Thumb Code    76  malloc.o(i.free)
    itoa                                     0x0800844d   Thumb Code    98  usart.o(i.itoa)
    main                                     0x080084b1   Thumb Code   298  main.o(i.main)
    malloc                                   0x08008601   Thumb Code    92  malloc.o(i.malloc)
    Region$$Table$$Base                      0x080088b0   Number         0  anon$$obj.o(Region$$Table)
    Region$$Table$$Limit                     0x080088d0   Number         0  anon$$obj.o(Region$$Table)
    GyroscopeFlag                            0x20000004   Data           1  main.o(.data)
    aaa1                                     0x20000008   Data          96  main.o(.data)
    aaa2                                     0x20000068   Data          96  main.o(.data)
    free_dma_buffer                          0x200000e4   Data           1  stm32f4xx_it.o(.data)
    motor_ready                              0x200000e5   Data           1  stm32f4xx_it.o(.data)
    flag                                     0x200000e6   Data           1  stm32f4xx_it.o(.data)
    sdo_error                                0x200000fc   Data           1  action_driver.o(.data)
    Current_Value                            0x20000100   Data           4  action_driver.o(.data)
    RelativePosition_Value                   0x20000104   Data           4  action_driver.o(.data)
    AbsolutePosition_Value                   0x20000108   Data           4  action_driver.o(.data)
    ringBuffer                               0x2000016c   Data           4  ringbuffer.o(.data)
    USARTSEND                                0x20000180   Data           1  sampling.o(.data)
    __microlib_freelist                      0x200001a8   Data           4  mvars.o(.data)
    __microlib_freelist_initialised          0x200001ac   Data           4  mvars.o(.data)
    Speed_Value                              0x200001cc   Data          12  action_driver.o(.bss)
    __heap_base                              0x200001f0   Data           0  startup_stm32f4xx.o(HEAP)
    __heap_limit                             0x200061f0   Data           0  startup_stm32f4xx.o(HEAP)
    __initial_sp                             0x200071f0   Data           0  startup_stm32f4xx.o(STACK)



==============================================================================

Memory Map of the image

  Image Entry point : 0x08000189

  Load Region LR_IROM1 (Base: 0x08000000, Size: 0x00008a84, Max: 0x00080000, ABSOLUTE, COMPRESSED[0x00008910])

    Execution Region ER_IROM1 (Base: 0x08000000, Size: 0x000088d0, Max: 0x00080000, ABSOLUTE)

    Base Addr    Size         Type   Attr      Idx    E Section Name        Object

    0x08000000   0x00000188   Data   RO          397    RESET               startup_stm32f4xx.o
    0x08000188   0x00000000   Code   RO         3034  * .ARM.Collect$$$$00000000  mc_w.l(entry.o)
    0x08000188   0x00000004   Code   RO         3138    .ARM.Collect$$$$00000001  mc_w.l(entry2.o)
    0x0800018c   0x00000004   Code   RO         3141    .ARM.Collect$$$$00000004  mc_w.l(entry5.o)
    0x08000190   0x00000000   Code   RO         3143    .ARM.Collect$$$$00000008  mc_w.l(entry7b.o)
    0x08000190   0x00000000   Code   RO         3145    .ARM.Collect$$$$0000000A  mc_w.l(entry8b.o)
    0x08000190   0x00000008   Code   RO         3146    .ARM.Collect$$$$0000000B  mc_w.l(entry9a.o)
    0x08000198   0x00000000   Code   RO         3148    .ARM.Collect$$$$0000000D  mc_w.l(entry10a.o)
    0x08000198   0x00000000   Code   RO         3150    .ARM.Collect$$$$0000000F  mc_w.l(entry11a.o)
    0x08000198   0x00000004   Code   RO         3139    .ARM.Collect$$$$00002712  mc_w.l(entry2.o)
    0x0800019c   0x00000034   Code   RO          398    .text               startup_stm32f4xx.o
    0x080001d0   0x00000024   Code   RO         3037    .text               mc_w.l(memcpya.o)
    0x080001f4   0x0000014e   Code   RO         3069    .text               mf_w.l(dadd.o)
    0x08000342   0x000000e4   Code   RO         3071    .text               mf_w.l(dmul.o)
    0x08000426   0x000000de   Code   RO         3073    .text               mf_w.l(ddiv.o)
    0x08000504   0x00000026   Code   RO         3077    .text               mf_w.l(f2d.o)
    0x0800052a   0x00000002   PAD
    0x0800052c   0x00000030   Code   RO         3079    .text               mf_w.l(cdcmple.o)
    0x0800055c   0x00000030   Code   RO         3081    .text               mf_w.l(cdrcmple.o)
    0x0800058c   0x00000038   Code   RO         3083    .text               mf_w.l(d2f.o)
    0x080005c4   0x0000001e   Code   RO         3152    .text               mc_w.l(llshl.o)
    0x080005e2   0x00000024   Code   RO         3154    .text               mc_w.l(llsshr.o)
    0x08000606   0x00000000   Code   RO         3165    .text               mc_w.l(iusefp.o)
    0x08000606   0x0000006e   Code   RO         3166    .text               mf_w.l(fepilogue.o)
    0x08000674   0x000000ba   Code   RO         3168    .text               mf_w.l(depilogue.o)
    0x0800072e   0x000000a2   Code   RO         3170    .text               mf_w.l(dsqrt.o)
    0x080007d0   0x00000024   Code   RO         3176    .text               mc_w.l(init.o)
    0x080007f4   0x00000020   Code   RO         3178    .text               mc_w.l(llushr.o)
    0x08000814   0x00000022   Code   RO         3180    .text               mf_w.l(dflti.o)
    0x08000836   0x0000001a   Code   RO         3182    .text               mf_w.l(dfltui.o)
    0x08000850   0x0000003e   Code   RO         3184    .text               mf_w.l(dfixi.o)
    0x0800088e   0x00000056   Code   RO         3194    .text               mc_w.l(__dczerorl2.o)
    0x080008e4   0x00000064   Code   RO         2039    i.ActionCheckError  action_driver.o
    0x08000948   0x000000f4   Code   RO         2042    i.ActionConfigVelocity  action_driver.o
    0x08000a3c   0x000000c0   Code   RO         2048    i.ActionSetHeartbeatInterval  action_driver.o
    0x08000afc   0x000000b8   Code   RO         2050    i.ActionSetOperationalMode  action_driver.o
    0x08000bb4   0x000000d4   Code   RO         2061    i.ActionSetVelocity  action_driver.o
    0x08000c88   0x0000011c   Code   RO         2062    i.ActionUpdateMotorInfo  action_driver.o
    0x08000da4   0x00000014   Code   RO         2598    i.AddPath           motionCard.lib(possystem.o)
    0x08000db8   0x0000004c   Code   RO         2370    i.AngleControl      motionCard.lib(pathfollowing.o)
    0x08000e04   0x00000010   Code   RO          151    i.BeefOFF           gpio.o
    0x08000e14   0x00000010   Code   RO          152    i.BeefON            gpio.o
    0x08000e24   0x000009ec   Code   RO         2719    i.BspSegment        motionCard.lib(bspline.o)
    0x08001810   0x00000028   Code   RO         2431    i.BufferZizeInit    motionCard.lib(ringbuffer.o)
    0x08001838   0x00000004   Code   RO          201    i.BusFault_Handler  stm32f4xx_it.o
    0x0800183c   0x0000006c   Code   RO          202    i.CAN1_RX0_IRQHandler  stm32f4xx_it.o
    0x080018a8   0x000000a8   Code   RO          450    i.CAN_ClearITPendingBit  stm32f4xx_can.o
    0x08001950   0x000003ac   Code   RO          116    i.CAN_Config        can.o
    0x08001cfc   0x00000038   Code   RO          452    i.CAN_DeInit        stm32f4xx_can.o
    0x08001d34   0x00000108   Code   RO          454    i.CAN_FilterInit    stm32f4xx_can.o
    0x08001e3c   0x00000120   Code   RO          456    i.CAN_GetITStatus   stm32f4xx_can.o
    0x08001f5c   0x00000012   Code   RO          460    i.CAN_ITConfig      stm32f4xx_can.o
    0x08001f6e   0x00000114   Code   RO          461    i.CAN_Init          stm32f4xx_can.o
    0x08002082   0x000000f0   Code   RO          464    i.CAN_Receive       stm32f4xx_can.o
    0x08002172   0x00000126   Code   RO          469    i.CAN_Transmit      stm32f4xx_can.o
    0x08002298   0x000000a0   Code   RO          470    i.CAN_TransmitStatus  stm32f4xx_can.o
    0x08002338   0x000004e6   Code   RO         2720    i.CaculateBsplineLen  motionCard.lib(bspline.o)
    0x0800281e   0x00000002   PAD
    0x08002820   0x000000d0   Code   RO         2599    i.CaculatePath      motionCard.lib(possystem.o)
    0x080028f0   0x0000038c   Code   RO         2932    i.CaculateThreeWheelVel  motionCard.lib(move.o)
    0x08002c7c   0x0000005c   Code   RO         2860    i.CalculateAngleAdd  motionCard.lib(calculate.o)
    0x08002cd8   0x0000005c   Code   RO         2861    i.CalculateAngleSub  motionCard.lib(calculate.o)
    0x08002d34   0x0000005c   Code   RO         2864    i.CalculateLineAngle  motionCard.lib(calculate.o)
    0x08002d90   0x0000006e   Code   RO         2865    i.CalculatePoint2PointDistance  motionCard.lib(calculate.o)
    0x08002dfe   0x00000002   PAD
    0x08002e00   0x00000170   Code   RO         2802    i.CalculateThreeWheelVell  motionCard.lib(speedplaning.o)
    0x08002f70   0x00000012   Code   RO          472    i.CheckITStatus     stm32f4xx_can.o
    0x08002f82   0x00000002   PAD
    0x08002f84   0x0000001c   Code   RO         2600    i.ClearPathLen      motionCard.lib(possystem.o)
    0x08002fa0   0x00000030   Code   RO         2432    i.ClearRingBuffer   motionCard.lib(ringbuffer.o)
    0x08002fd0   0x00000054   Code   RO         2867    i.CreateMemory      motionCard.lib(calculate.o)
    0x08003024   0x00000002   Code   RO          203    i.DebugMon_Handler  stm32f4xx_it.o
    0x08003026   0x00000002   PAD
    0x08003028   0x000001f0   Code   RO         2803    i.DecreseVellByOneWheel  motionCard.lib(speedplaning.o)
    0x08003218   0x00000010   Code   RO         2433    i.DeleteData        motionCard.lib(ringbuffer.o)
    0x08003228   0x00000768   Code   RO         2804    i.DynamicalAjusting  motionCard.lib(speedplaning.o)
    0x08003990   0x00000024   Code   RO         1740    i.FLASH_DataCacheCmd  stm32f4xx_flash.o
    0x080039b4   0x00000088   Code   RO         1743    i.FLASH_EraseSector  stm32f4xx_flash.o
    0x08003a3c   0x00000048   Code   RO         1745    i.FLASH_GetStatus   stm32f4xx_flash.o
    0x08003a84   0x00000014   Code   RO         1749    i.FLASH_Lock        stm32f4xx_flash.o
    0x08003a98   0x00000050   Code   RO         1765    i.FLASH_ProgramWord  stm32f4xx_flash.o
    0x08003ae8   0x00000024   Code   RO         1767    i.FLASH_Unlock      stm32f4xx_flash.o
    0x08003b0c   0x00000022   Code   RO         1768    i.FLASH_WaitForLastOperation  stm32f4xx_flash.o
    0x08003b2e   0x00000020   Code   RO         2868    i.FreeMemory        motionCard.lib(calculate.o)
    0x08003b4e   0x00000090   Code   RO          612    i.GPIO_Init         stm32f4xx_gpio.o
    0x08003bde   0x000000a8   Code   RO          153    i.GPIO_Init_Pins    gpio.o
    0x08003c86   0x00000046   Code   RO          613    i.GPIO_PinAFConfig  stm32f4xx_gpio.o
    0x08003ccc   0x00000012   Code   RO          616    i.GPIO_ReadInputDataBit  stm32f4xx_gpio.o
    0x08003cde   0x00000004   Code   RO          619    i.GPIO_ResetBits    stm32f4xx_gpio.o
    0x08003ce2   0x00000004   Code   RO          620    i.GPIO_SetBits      stm32f4xx_gpio.o
    0x08003ce6   0x00000002   PAD
    0x08003ce8   0x000000c0   Code   RO          339    i.GYRO_USART2_Init  usart.o
    0x08003da8   0x0000025c   Code   RO         2869    i.Gauss             motionCard.lib(calculate.o)
    0x08004004   0x0000000c   Code   RO         1983    i.GetAccMax         threewheelmove.o
    0x08004010   0x0000000c   Code   RO         2250    i.GetAngleZ         update.o
    0x0800401c   0x00000014   Code   RO         2434    i.GetCount          motionCard.lib(ringbuffer.o)
    0x08004030   0x0000000c   Code   RO         2436    i.GetFristAdress    motionCard.lib(ringbuffer.o)
    0x0800403c   0x0000000c   Code   RO         2437    i.GetLength         motionCard.lib(ringbuffer.o)
    0x08004048   0x00000014   Code   RO         2601    i.GetPath           motionCard.lib(possystem.o)
    0x0800405c   0x00000028   Code   RO         2602    i.GetPosPresent     motionCard.lib(possystem.o)
    0x08004084   0x0000000c   Code   RO         2251    i.GetPosx           update.o
    0x08004090   0x0000000c   Code   RO         2252    i.GetPosy           update.o
    0x0800409c   0x0000000c   Code   RO         2439    i.GetRingBufferAdress  motionCard.lib(ringbuffer.o)
    0x080040a8   0x00000034   Code   RO         2440    i.GetRingBufferAverCurvature  motionCard.lib(ringbuffer.o)
    0x080040dc   0x00000038   Code   RO         2441    i.GetRingBufferPoint  motionCard.lib(ringbuffer.o)
    0x08004114   0x00000034   Code   RO         2442    i.GetRingBufferPointAngle  motionCard.lib(ringbuffer.o)
    0x08004148   0x00000034   Code   RO         2443    i.GetRingBufferPointLen  motionCard.lib(ringbuffer.o)
    0x0800417c   0x00000034   Code   RO         2444    i.GetRingBufferPointPoseAngle  motionCard.lib(ringbuffer.o)
    0x080041b0   0x00000034   Code   RO         2445    i.GetRingBufferPointVell  motionCard.lib(ringbuffer.o)
    0x080041e4   0x0000000c   Code   RO         1984    i.GetRobotRadius    threewheelmove.o
    0x080041f0   0x000002cc   Code   RO         2933    i.GetTrueVell       motionCard.lib(move.o)
    0x080044bc   0x0000000c   Code   RO         1985    i.GetVelMax         threewheelmove.o
    0x080044c8   0x00000004   Code   RO          204    i.HardFault_Handler  stm32f4xx_it.o
    0x080044cc   0x0000011c   Code   RO            3    i.Init              main.o
    0x080045e8   0x000001a4   Code   RO         2447    i.InputPoints2RingBuffer  motionCard.lib(ringbuffer.o)
    0x0800478c   0x000001a6   Code   RO         2870    i.Matrix            motionCard.lib(calculate.o)
    0x08004932   0x00000004   Code   RO          205    i.MemManage_Handler  stm32f4xx_it.o
    0x08004936   0x00000002   PAD
    0x08004938   0x00000014   Code   RO          154    i.MyBeefInit        gpio.o
    0x0800494c   0x00000014   Code   RO          155    i.MySwitchInit      gpio.o
    0x08004960   0x00000002   Code   RO          206    i.NMI_Handler       stm32f4xx_it.o
    0x08004962   0x00000002   PAD
    0x08004964   0x00000078   Code   RO          404    i.NVIC_Init         misc.o
    0x080049dc   0x00000014   Code   RO          405    i.NVIC_PriorityGroupConfig  misc.o
    0x080049f0   0x000003bc   Code   RO         2371    i.PathFollowing     motionCard.lib(pathfollowing.o)
    0x08004dac   0x00000002   Code   RO          207    i.PendSV_Handler    stm32f4xx_it.o
    0x08004dae   0x00000002   PAD
    0x08004db0   0x000002dc   Code   RO         2653    i.PoseSampling      motionCard.lib(sampling.o)
    0x0800508c   0x00000038   Code   RO         2654    i.PoseSamplingDone  motionCard.lib(sampling.o)
    0x080050c4   0x000000b0   Code   RO         2655    i.PoseSamplingLastPoint  motionCard.lib(sampling.o)
    0x08005174   0x00000068   Code   RO         2448    i.PutRingBuffer     motionCard.lib(ringbuffer.o)
    0x080051dc   0x00000020   Code   RO          709    i.RCC_AHB1PeriphClockCmd  stm32f4xx_rcc.o
    0x080051fc   0x00000020   Code   RO          718    i.RCC_APB1PeriphClockCmd  stm32f4xx_rcc.o
    0x0800521c   0x00000020   Code   RO          720    i.RCC_APB1PeriphResetCmd  stm32f4xx_rcc.o
    0x0800523c   0x00000020   Code   RO          721    i.RCC_APB2PeriphClockCmd  stm32f4xx_rcc.o
    0x0800525c   0x000000e8   Code   RO          730    i.RCC_GetClocksFreq  stm32f4xx_rcc.o
    0x08005344   0x0000004c   Code   RO         2656    i.ReadFlashPointInformation  motionCard.lib(sampling.o)
    0x08005390   0x00000018   Code   RO          156    i.ReadSwitch        gpio.o
    0x080053a8   0x000000a0   Code   RO         2764    i.STMFLASH_GetFlashSector  motionCard.lib(flash.o)
    0x08005448   0x00000020   Code   RO         2765    i.STMFLASH_Read     motionCard.lib(flash.o)
    0x08005468   0x00000006   Code   RO         2766    i.STMFLASH_ReadWord  motionCard.lib(flash.o)
    0x0800546e   0x00000002   PAD
    0x08005470   0x00000098   Code   RO         2767    i.STMFLASH_Write    motionCard.lib(flash.o)
    0x08005508   0x00000002   Code   RO          208    i.SVC_Handler       stm32f4xx_it.o
    0x0800550a   0x00000002   PAD
    0x0800550c   0x00000538   Code   RO         2721    i.SerchBsplineVirtualPoint  motionCard.lib(bspline.o)
    0x08005a44   0x000000b8   Code   RO         2722    i.SerchVirtualPoint  motionCard.lib(bspline.o)
    0x08005afc   0x000000ae   Code   RO         2723    i.SerchVirtualPoint2  motionCard.lib(bspline.o)
    0x08005baa   0x00000002   PAD
    0x08005bac   0x0000000c   Code   RO         2255    i.SetAngleZ         update.o
    0x08005bb8   0x0000000c   Code   RO         2449    i.SetLength         motionCard.lib(ringbuffer.o)
    0x08005bc4   0x0000000c   Code   RO         2256    i.SetPosx           update.o
    0x08005bd0   0x0000000c   Code   RO         2257    i.SetPosy           update.o
    0x08005bdc   0x00000034   Code   RO         2450    i.SetRingBufferAverCurvature  motionCard.lib(ringbuffer.o)
    0x08005c10   0x00000034   Code   RO         2451    i.SetRingBufferPointLen  motionCard.lib(ringbuffer.o)
    0x08005c44   0x00000034   Code   RO         2452    i.SetRingBufferPointVell  motionCard.lib(ringbuffer.o)
    0x08005c78   0x000000ec   Code   RO         2326    i.SetSysClock       system_stm32f4xx.o
    0x08005d64   0x0000000c   Code   RO         2453    i.SetUpPointer      motionCard.lib(ringbuffer.o)
    0x08005d70   0x0000000c   Code   RO         2067    i.Set_AbsolutePosition_Value  action_driver.o
    0x08005d7c   0x0000000c   Code   RO         2068    i.Set_Current_Value  action_driver.o
    0x08005d88   0x0000000c   Code   RO         2069    i.Set_RelativePosition_Value  action_driver.o
    0x08005d94   0x00000018   Code   RO         2070    i.Set_Speed_Value   action_driver.o
    0x08005dac   0x00000980   Code   RO         2805    i.SpeedPlaning      motionCard.lib(speedplaning.o)
    0x0800672c   0x00000068   Code   RO         2328    i.SystemInit        system_stm32f4xx.o
    0x08006794   0x00000028   Code   RO          209    i.TIM2_IRQHandler   stm32f4xx_it.o
    0x080067bc   0x00000006   Code   RO         1188    i.TIM_ClearITPendingBit  stm32f4xx_tim.o
    0x080067c2   0x00000018   Code   RO         1193    i.TIM_Cmd           stm32f4xx_tim.o
    0x080067da   0x00000002   PAD
    0x080067dc   0x000001d4   Code   RO          301    i.TIM_Delay100us    timer.o
    0x080069b0   0x0000001c   Code   RO          302    i.TIM_Delayms       timer.o
    0x080069cc   0x00000006   Code   RO         1212    i.TIM_GetCounter    stm32f4xx_tim.o
    0x080069d2   0x00000022   Code   RO         1214    i.TIM_GetITStatus   stm32f4xx_tim.o
    0x080069f4   0x00000012   Code   RO         1218    i.TIM_ITConfig      stm32f4xx_tim.o
    0x08006a06   0x00000002   PAD
    0x08006a08   0x000001c4   Code   RO          304    i.TIM_Init          timer.o
    0x08006bcc   0x00000004   Code   RO         1259    i.TIM_SetCounter    stm32f4xx_tim.o
    0x08006bd0   0x00000084   Code   RO         1265    i.TIM_TimeBaseInit  stm32f4xx_tim.o
    0x08006c54   0x000003a0   Code   RO         2934    i.ThreeWheelVelControl  motionCard.lib(move.o)
    0x08006ff4   0x00000020   Code   RO          210    i.USART1_IRQHandler  stm32f4xx_it.o
    0x08007014   0x000001b8   Code   RO          211    i.USART3_IRQHandler  stm32f4xx_it.o
    0x080071cc   0x000000b4   Code   RO          341    i.USART3_Init       usart.o
    0x08007280   0x00000012   Code   RO          989    i.USART_ClearFlag   stm32f4xx_usart.o
    0x08007292   0x0000001e   Code   RO          990    i.USART_ClearITPendingBit  stm32f4xx_usart.o
    0x080072b0   0x00000018   Code   RO          993    i.USART_Cmd         stm32f4xx_usart.o
    0x080072c8   0x0000001a   Code   RO          996    i.USART_GetFlagStatus  stm32f4xx_usart.o
    0x080072e2   0x00000054   Code   RO          997    i.USART_GetITStatus  stm32f4xx_usart.o
    0x08007336   0x0000004a   Code   RO          999    i.USART_ITConfig    stm32f4xx_usart.o
    0x08007380   0x000000d4   Code   RO         1000    i.USART_Init        stm32f4xx_usart.o
    0x08007454   0x00000106   Code   RO          342    i.USART_OUT         usart.o
    0x0800755a   0x00000002   PAD
    0x0800755c   0x00000048   Code   RO         1936    i.USART_OUT_XYAngle  debug.o
    0x080075a4   0x0000000a   Code   RO         1007    i.USART_ReceiveData  stm32f4xx_usart.o
    0x080075ae   0x0000002c   Code   RO         1010    i.USART_SendData    stm32f4xx_usart.o
    0x080075da   0x00000002   PAD
    0x080075dc   0x0000000c   Code   RO         2603    i.UpdateLenBegin    motionCard.lib(possystem.o)
    0x080075e8   0x0000000c   Code   RO         2604    i.UpdateLenStop     motionCard.lib(possystem.o)
    0x080075f4   0x00000004   Code   RO          212    i.UsageFault_Handler  stm32f4xx_it.o
    0x080075f8   0x00000038   Code   RO         1987    i.Vel2Pulse         threewheelmove.o
    0x08007630   0x00000060   Code   RO         1988    i.VelControlTriWheel  threewheelmove.o
    0x08007690   0x00000030   Code   RO         3172    i.__ARM_fpclassify  m_wm.l(fpclassify.o)
    0x080076c0   0x00000026   Code   RO         3102    i.__ARM_fpclassifyf  m_wm.l(fpclassifyf.o)
    0x080076e6   0x00000002   PAD
    0x080076e8   0x00000250   Code   RO         2956    i.__hardfp_atan2f   m_wm.l(atan2f.o)
    0x08007938   0x000000c8   Code   RO         2968    i.__hardfp_cos      m_wm.l(cos.o)
    0x08007a00   0x00000014   Code   RO         2980    i.__hardfp_fabs     m_wm.l(fabs.o)
    0x08007a14   0x00000004   PAD
    0x08007a18   0x000000c8   Code   RO         2986    i.__hardfp_sin      m_wm.l(sin.o)
    0x08007ae0   0x0000007a   Code   RO         2998    i.__hardfp_sqrt     m_wm.l(sqrt.o)
    0x08007b5a   0x00000006   PAD
    0x08007b60   0x00000438   Code   RO         3118    i.__ieee754_rem_pio2  m_wm.l(rred.o)
    0x08007f98   0x00000170   Code   RO         3085    i.__kernel_cos      m_wm.l(cos_i.o)
    0x08008108   0x000000f8   Code   RO         3174    i.__kernel_poly     m_wm.l(poly.o)
    0x08008200   0x00000130   Code   RO         3126    i.__kernel_sin      m_wm.l(sin_i.o)
    0x08008330   0x00000014   Code   RO         3089    i.__mathlib_dbl_infnan  m_wm.l(dunder.o)
    0x08008344   0x00000004   PAD
    0x08008348   0x00000020   Code   RO         3091    i.__mathlib_dbl_invalid  m_wm.l(dunder.o)
    0x08008368   0x00000020   Code   RO         3094    i.__mathlib_dbl_underflow  m_wm.l(dunder.o)
    0x08008388   0x00000006   Code   RO         3106    i.__mathlib_flt_infnan2  m_wm.l(funder.o)
    0x0800838e   0x00000002   PAD
    0x08008390   0x00000010   Code   RO         3110    i.__mathlib_flt_underflow  m_wm.l(funder.o)
    0x080083a0   0x0000000e   Code   RO         3188    i.__scatterload_copy  mc_w.l(handlers.o)
    0x080083ae   0x00000002   Code   RO         3189    i.__scatterload_null  mc_w.l(handlers.o)
    0x080083b0   0x0000000e   Code   RO         3190    i.__scatterload_zeroinit  mc_w.l(handlers.o)
    0x080083be   0x00000002   PAD
    0x080083c0   0x0000000c   Code   RO         3160    i.__set_errno       mc_w.l(errno.o)
    0x080083cc   0x00000018   Code   RO         2454    i.addring           motionCard.lib(ringbuffer.o)
    0x080083e4   0x00000018   Code   RO         2982    i.fabs              m_wm.l(fabs.o)
    0x080083fc   0x00000050   Code   RO         3041    i.free              mc_w.l(malloc.o)
    0x0800844c   0x00000062   Code   RO          343    i.itoa              usart.o
    0x080084ae   0x00000002   PAD
    0x080084b0   0x00000150   Code   RO            4    i.main              main.o
    0x08008600   0x0000006c   Code   RO         3042    i.malloc            mc_w.l(malloc.o)
    0x0800866c   0x00000100   Data   RO         2072    .constdata          action_driver.o
    0x0800876c   0x00000020   Data   RO         2724    .constdata          motionCard.lib(bspline.o)
    0x0800878c   0x00000004   PAD
    0x08008790   0x00000030   Data   RO         3086    .constdata          m_wm.l(cos_i.o)
    0x080087c0   0x000000c8   Data   RO         3120    .constdata          m_wm.l(rred.o)
    0x08008888   0x00000028   Data   RO         3127    .constdata          m_wm.l(sin_i.o)
    0x080088b0   0x00000020   Data   RO         3186    Region$$Table       anon$$obj.o


    Execution Region RW_IRAM1 (Base: 0x20000000, Size: 0x000071f0, Max: 0x00020000, ABSOLUTE, COMPRESSED[0x00000040])

    Base Addr    Size         Type   Attr      Idx    E Section Name        Object

    0x20000000   0x000000cc   Data   RW            5    .data               main.o
    0x200000cc   0x0000001f   Data   RW          214    .data               stm32f4xx_it.o
    0x200000eb   0x00000010   Data   RW          753    .data               stm32f4xx_rcc.o
    0x200000fb   0x00000001   PAD
    0x200000fc   0x0000003c   Data   RW         2073    .data               action_driver.o
    0x20000138   0x00000014   Data   RW         2260    .data               update.o
    0x2000014c   0x0000000c   Data   RW         2373    .data               motionCard.lib(pathfollowing.o)
    0x20000158   0x00000018   Data   RW         2455    .data               motionCard.lib(ringbuffer.o)
    0x20000170   0x00000010   Data   RW         2605    .data               motionCard.lib(possystem.o)
    0x20000180   0x00000028   Data   RW         2658    .data               motionCard.lib(sampling.o)
    0x200001a8   0x00000004   Data   RW         3156    .data               mc_w.l(mvars.o)
    0x200001ac   0x00000004   Data   RW         3157    .data               mc_w.l(mvars.o)
    0x200001b0   0x00000004   Data   RW         3161    .data               mc_w.l(errno.o)
    0x200001b4   0x00000018   Zero   RW          213    .bss                stm32f4xx_it.o
    0x200001cc   0x0000000c   Zero   RW         2071    .bss                action_driver.o
    0x200001d8   0x00000018   Zero   RW         2372    .bss                motionCard.lib(pathfollowing.o)
    0x200001f0   0x00006000   Zero   RW          396    HEAP                startup_stm32f4xx.o
    0x200061f0   0x00001000   Zero   RW          395    STACK               startup_stm32f4xx.o


==============================================================================

Image component sizes


      Code (inc. data)   RO Data    RW Data    ZI Data      Debug   Object Name

      1276        108        256         60         12       8456   action_driver.o
       940         14          0          0          0       1993   can.o
        72         12          0          0          0        592   debug.o
       264         34          0          0          0       3433   gpio.o
       620         70          0        204          0     269540   main.o
       140         24          0          0          0       1663   misc.o
        52         14        392          0      28672        840   startup_stm32f4xx.o
      1782         44          0          0          0       8132   stm32f4xx_can.o
       414         42          0          0          0      10104   stm32f4xx_flash.o
       240          0          0          0          0       3743   stm32f4xx_gpio.o
       644         84          0         31         24       6543   stm32f4xx_it.o
       360         42          0         16          0       5188   stm32f4xx_rcc.o
       224         28          0          0          0       5068   stm32f4xx_tim.o
       522          8          0          0          0       7141   stm32f4xx_usart.o
       340         32          0          0          0       1501   system_stm32f4xx.o
       188         32          0          0          0       3678   threewheelmove.o
       948         26          0          0          0       2722   timer.o
        72         24          0         20          0       3108   update.o
       732         18          0          0          0       4288   usart.o

    ----------------------------------------------------------------------
      9854        656        680        332      28708     347733   Object Totals
         0          0         32          0          0          0   (incl. Generated)
        24          0          0          1          0          0   (incl. Padding)

    ----------------------------------------------------------------------

      Code (inc. data)   RO Data    RW Data    ZI Data      Debug   Library Member Name

       592         90          0          0          0        184   atan2f.o
       200         20          0          0          0        164   cos.o
       368         46         48          0          0        200   cos_i.o
        84         16          0          0          0        372   dunder.o
        44          0          0          0          0        248   fabs.o
        48          0          0          0          0        124   fpclassify.o
        38          0          0          0          0        116   fpclassifyf.o
        22          6          0          0          0        232   funder.o
       248          0          0          0          0        152   poly.o
      1080        142        200          0          0        188   rred.o
       200         20          0          0          0        164   sin.o
       304         24         40          0          0        208   sin_i.o
       122          0          0          0          0        148   sqrt.o
        86          0          0          0          0          0   __dczerorl2.o
         0          0          0          0          0          0   entry.o
         0          0          0          0          0          0   entry10a.o
         0          0          0          0          0          0   entry11a.o
         8          4          0          0          0          0   entry2.o
         4          0          0          0          0          0   entry5.o
         0          0          0          0          0          0   entry7b.o
         0          0          0          0          0          0   entry8b.o
         8          4          0          0          0          0   entry9a.o
        12          6          0          4          0         68   errno.o
        30          0          0          0          0          0   handlers.o
        36          8          0          0          0         68   init.o
         0          0          0          0          0          0   iusefp.o
        30          0          0          0          0         68   llshl.o
        36          0          0          0          0         68   llsshr.o
        32          0          0          0          0         68   llushr.o
       188         20          0          0          0        160   malloc.o
        36          0          0          0          0         68   memcpya.o
         0          0          0          8          0          0   mvars.o
        48          0          0          0          0         68   cdcmple.o
        48          0          0          0          0         68   cdrcmple.o
        56          0          0          0          0         88   d2f.o
       334          0          0          0          0        148   dadd.o
       222          0          0          0          0        100   ddiv.o
       186          0          0          0          0        176   depilogue.o
        62          0          0          0          0         80   dfixi.o
        34          0          0          0          0         76   dflti.o
        26          0          0          0          0         76   dfltui.o
       228          0          0          0          0         96   dmul.o
       162          0          0          0          0        100   dsqrt.o
        38          0          0          0          0         68   f2d.o
       110          0          0          0          0        168   fepilogue.o
      5488         92         32          0          0       7654   bspline.o
      1528         54          0          0          0       5917   calculate.o
       350         50          0          0          0       2979   flash.o
      2552         46          0          0          0       2817   move.o
      1032         70          0         12         24     210691   pathfollowing.o
       340         48          0         16          0       3699   possystem.o
      1204        242          0         24          0      12396   ringbuffer.o
      1040         76          0         40          0       8282   sampling.o
      5192         56          0          0          0       7049   speedplaning.o

    ----------------------------------------------------------------------
     24166       1140        324        104         24     265864   Library Totals
        30          0          4          0          0          0   (incl. Padding)

    ----------------------------------------------------------------------

      Code (inc. data)   RO Data    RW Data    ZI Data      Debug   Library Name

      3350        364        288          0          0       2500   m_wm.l
       506         42          0         12          0        568   mc_w.l
      1554          0          0          0          0       1312   mf_w.l
     18726        734         32         92         24     261484   motionCard.lib

    ----------------------------------------------------------------------
     24166       1140        324        104         24     265864   Library Totals

    ----------------------------------------------------------------------

==============================================================================


      Code (inc. data)   RO Data    RW Data    ZI Data      Debug   

     34020       1796       1004        436      28732     596945   Grand Totals
     34020       1796       1004         64      28732     596945   ELF Image Totals (compressed)
     34020       1796       1004         64          0          0   ROM Totals

==============================================================================

    Total RO  Size (Code + RO Data)                35024 (  34.20kB)
    Total RW  Size (RW Data + ZI Data)             29168 (  28.48kB)
    Total ROM Size (Code + RO Data + RW Data)      35088 (  34.27kB)

==============================================================================

